################################################################################
#                                                                              #
#      IAR Universal Linker V6.5.1.95                                          #
#                                                                              #
#           Link time     =  04/Jul/2023  16:20:17                             #
#           Target CPU    =  MSP430                                            #
#           List file     =  "C:\Users\PC\Desktop\LCD I2C\Debug\List\LCD.map"  #
#           Output file 1 =  "C:\Users\PC\Desktop\LCD I2C\Debug\Exe\LCD.d43"   #
#                            Format: ubrof10                                   #
#                            UBROF version 10.0.6                              #
#                            Using library modules for C-SPY (-rt)             #
#           Command line  =  -f C:\Users\PC\AppData\Local\Temp\EW9A94.tmp      #
#                            ("C:\Users\PC\Desktop\LCD I2C\Debug\Obj\delay.r43 #
#                            "                                                 #
#                            "C:\Users\PC\Desktop\LCD I2C\Debug\Obj\i2c.r43"   #
#                            "C:\Users\PC\Desktop\LCD I2C\Debug\Obj\i2c_lcd.r4 #
#                            3"                                                #
#                            "C:\Users\PC\Desktop\LCD I2C\Debug\Obj\main.r43"  #
#                            -o                                                #
#                            "C:\Users\PC\Desktop\LCD I2C\Debug\Exe\LCD.d43"   #
#                            -l                                                #
#                            "C:\Users\PC\Desktop\LCD I2C\Debug\List\LCD.map"  #
#                            -xms                                              #
#                            "-IC:\Program Files (x86)\IAR Systems\Embedded Wo #
#                            rkbench 8.0\430\LIB\"                             #
#                            -f                                                #
#                            "C:\Program Files (x86)\IAR Systems\Embedded Work #
#                            bench 8.0\430\config\linker\lnk430g2553.xcl"      #
#                            (-cmsp430 -QCODE_I=CODE_ID -QTLS16_I=TLS16_ID     #
#                            -Z(CONST)INFO=1000-10FF                           #
#                            -Z(CONST)INFOA=10C0-10FF                          #
#                            -Z(CONST)INFOB=1080-10BF                          #
#                            -Z(CONST)INFOC=1040-107F                          #
#                            -Z(CONST)INFOD=1000-103F                          #
#                            -Z(DATA)DATA16_I,DATA16_Z,DATA16_N,TLS16_I=0200-0 #
#                            3FF                                               #
#                            -Z(DATA)DATA16_HEAP+_DATA16_HEAP_SIZE             #
#                            -Z(DATA)CODE_I -Z(DATA)CSTACK+_STACK_SIZE#        #
#                            -Z(CONST)DATA16_C,DATA16_ID,TLS16_ID,DIFUNCT,CHEC #
#                            KSUM=C000-FFDD                                    #
#                            -Z(CODE)CSTART,ISR_CODE,CODE_ID=C000-FFDD         #
#                            -P(CODE)CODE=C000-FFDD                            #
#                            -Z(CONST)SIGNATURE=FFDE-FFDF                      #
#                            -Z(CODE)INTVEC=FFE0-FFFF                          #
#                            -Z(CODE)RESET=FFFE-FFFF) -D_STACK_SIZE=50 -rt     #
#                            "C:\Program Files (x86)\IAR Systems\Embedded Work #
#                            bench 8.0\430\lib\dlib\dl430fn.r43"               #
#                            -e_PrintfLarge=_Printf -e_ScanfLarge=_Scanf       #
#                            -D_DATA16_HEAP_SIZE=50 -s __program_start         #
#                            -D_DATA20_HEAP_SIZE=50)                           #
#                                                                              #
#                           Copyright (C) 1987-2016 IAR Systems AB.            #
################################################################################





                ****************************************
                *                                      *
                *           CROSS REFERENCE            *
                *                                      *
                ****************************************

       Program entry at :           C01A  Relocatable, from module : ?cstart




                ****************************************
                *                                      *
                *            RUNTIME MODEL             *
                *                                      *
                ****************************************

  __Heap_Handler             = Basic
  __SystemLibrary            = DLib
  __core                     = 430
  __dlib_file_descriptor     = 0
  __dlib_full_locale_support = 0
  __double_size              = 32
  __pic                      = no
  __reg_r4                   = free
  __reg_r5                   = free
  __rt_version               = 3

                ****************************************
                *                                      *
                *    AUTOMATIC SYMBOL REDIRECTIONS     *
                *                                      *
                ****************************************

                  There are no automatic symbol redirections.



                ****************************************
                *                                      *
                *              MODULE MAP              *
                *                                      *
                ****************************************


  DEFINED ABSOLUTE ENTRIES
    *************************************************************************

  DEFINED ABSOLUTE ENTRIES
  PROGRAM MODULE, NAME : ?ABS_ENTRY_MOD

Absolute parts
           ENTRY                   ADDRESS         REF BY
           =====                   =======         ======
           _DATA20_HEAP_SIZE       0050 
           _DATA16_HEAP_SIZE       0050 
           _STACK_SIZE             0050 
    *************************************************************************

  FILE NAME : C:\Users\PC\Desktop\LCD I2C\Debug\Obj\delay.r43
  PROGRAM MODULE, NAME : delay

  SEGMENTS IN THE MODULE
  ======================
<CODE> 1 (was CODE)
  Relative segment, address: C486 - C49D (0x18 bytes), align: 1
  Segment part 2.
           ENTRY                   ADDRESS         REF BY
           =====                   =======         ======
           delay_us                C486            LCD_Clear (i2c_lcd)
                                                   LCD_Home (i2c_lcd)
                                                   LCD_Init (i2c_lcd)
                                                   pulseEnable (i2c_lcd)

    *************************************************************************

  FILE NAME : C:\Users\PC\Desktop\LCD I2C\Debug\Obj\i2c.r43
  PROGRAM MODULE, NAME : i2c

  SEGMENTS IN THE MODULE
  ======================
DATA16_AN
  Relative segment, address: 0003 - 0003 (0x1 bytes), align: 0
  Segment part 1. ROOT        Intra module refs:   I2C_USCI_Write_Byte
           ENTRY                   ADDRESS         REF BY
           =====                   =======         ======
           IFG2                    0003 
    -------------------------------------------------------------------------
DATA16_AN
  Relative segment, address: 0026 - 0026 (0x1 bytes), align: 0
  Segment part 2. ROOT        Intra module refs:   I2C_USCI_Init
           ENTRY                   ADDRESS         REF BY
           =====                   =======         ======
           P1SEL                   0026 
    -------------------------------------------------------------------------
DATA16_AN
  Relative segment, address: 0041 - 0041 (0x1 bytes), align: 0
  Segment part 3. ROOT        Intra module refs:   I2C_USCI_Init
           ENTRY                   ADDRESS         REF BY
           =====                   =======         ======
           P1SEL2                  0041 
    -------------------------------------------------------------------------
DATA16_AN
  Relative segment, address: 0068 - 0068 (0x1 bytes), align: 0
  Segment part 4. ROOT        Intra module refs:   I2C_USCI_Init
           ENTRY                   ADDRESS         REF BY
           =====                   =======         ======
           UCB0CTL0                0068 
    -------------------------------------------------------------------------
DATA16_AN
  Relative segment, address: 0069 - 0069 (0x1 bytes), align: 0
  Segment part 5. ROOT        Intra module refs:   I2C_USCI_Init
                                                   I2C_USCI_Write_Byte
           ENTRY                   ADDRESS         REF BY
           =====                   =======         ======
           UCB0CTL1                0069 
    -------------------------------------------------------------------------
DATA16_AN
  Relative segment, address: 006A - 006A (0x1 bytes), align: 0
  Segment part 6. ROOT        Intra module refs:   I2C_USCI_Init
           ENTRY                   ADDRESS         REF BY
           =====                   =======         ======
           UCB0BR0                 006A 
    -------------------------------------------------------------------------
DATA16_AN
  Relative segment, address: 006B - 006B (0x1 bytes), align: 0
  Segment part 7. ROOT        Intra module refs:   I2C_USCI_Init
           ENTRY                   ADDRESS         REF BY
           =====                   =======         ======
           UCB0BR1                 006B 
    -------------------------------------------------------------------------
DATA16_AN
  Relative segment, address: 006D - 006D (0x1 bytes), align: 0
  Segment part 8. ROOT        Intra module refs:   I2C_USCI_Write_Byte
           ENTRY                   ADDRESS         REF BY
           =====                   =======         ======
           UCB0STAT                006D 
    -------------------------------------------------------------------------
DATA16_AN
  Relative segment, address: 006E - 006E (0x1 bytes), align: 0
  Segment part 9. ROOT 
           ENTRY                   ADDRESS         REF BY
           =====                   =======         ======
           UCB0RXBUF               006E 
    -------------------------------------------------------------------------
DATA16_AN
  Relative segment, address: 006F - 006F (0x1 bytes), align: 0
  Segment part 10. ROOT       Intra module refs:   I2C_USCI_Write_Byte
           ENTRY                   ADDRESS         REF BY
           =====                   =======         ======
           UCB0TXBUF               006F 
    -------------------------------------------------------------------------
DATA16_AN
  Relative segment, address: 011A - 011B (0x2 bytes), align: 0
  Segment part 11. ROOT       Intra module refs:   I2C_USCI_Init
           ENTRY                   ADDRESS         REF BY
           =====                   =======         ======
           UCB0I2CSA               011A 
    -------------------------------------------------------------------------
<CODE> 1 (was CODE)
  Relative segment, address: C3D0 - C401 (0x32 bytes), align: 1
  Segment part 13.
           ENTRY                   ADDRESS         REF BY
           =====                   =======         ======
           I2C_USCI_Init           C3D0            LCD_Init (i2c_lcd)
    -------------------------------------------------------------------------
<CODE> 1 (was CODE)
  Relative segment, address: C27C - C2D1 (0x56 bytes), align: 1
  Segment part 15.
           ENTRY                   ADDRESS         REF BY
           =====                   =======         ======
           I2C_USCI_Write_Byte     C27C            expanderWrite (i2c_lcd)

    *************************************************************************

  FILE NAME : C:\Users\PC\Desktop\LCD I2C\Debug\Obj\i2c_lcd.r43
  PROGRAM MODULE, NAME : i2c_lcd

  SEGMENTS IN THE MODULE
  ======================
DATA16_Z
  Relative segment, address: 0200 - 0200 (0x1 bytes), align: 0
  Segment part 3.             Intra module refs:   LCD_Init
                                                   LCD_SetCursor
           ENTRY                   ADDRESS         REF BY
           =====                   =======         ======
           _rows                   0200 
    -------------------------------------------------------------------------
DATA16_Z
  Relative segment, address: 0201 - 0201 (0x1 bytes), align: 0
  Segment part 4.             Intra module refs:   LCD_Init
           ENTRY                   ADDRESS         REF BY
           =====                   =======         ======
           _cols                   0201 
    -------------------------------------------------------------------------
DATA16_Z
  Relative segment, address: 0202 - 0202 (0x1 bytes), align: 0
  Segment part 5.             Intra module refs:   LCD_Init
           ENTRY                   ADDRESS         REF BY
           =====                   =======         ======
           displayFunction         0202 
    -------------------------------------------------------------------------
DATA16_Z
  Relative segment, address: 0203 - 0203 (0x1 bytes), align: 0
  Segment part 6.             Intra module refs:   LCD_Init
                                                   LCD_displayOn
           ENTRY                   ADDRESS         REF BY
           =====                   =======         ======
           displayControl          0203 
    -------------------------------------------------------------------------
DATA16_Z
  Relative segment, address: 0204 - 0204 (0x1 bytes), align: 0
  Segment part 7.             Intra module refs:   LCD_Init
           ENTRY                   ADDRESS         REF BY
           =====                   =======         ======
           displayMode             0204 
    -------------------------------------------------------------------------
DATA16_Z
  Relative segment, address: 0205 - 0205 (0x1 bytes), align: 0
  Segment part 8.             Intra module refs:   LCD_Init
                                                   LCD_backlightOn
                                                   expanderWrite
           ENTRY                   ADDRESS         REF BY
           =====                   =======         ======
           backlightVal            0205 
    -------------------------------------------------------------------------
<CODE> 1 (was CODE)
  Relative segment, address: C1E8 - C27B (0x94 bytes), align: 1
  Segment part 17.
           ENTRY                   ADDRESS         REF BY
           =====                   =======         ======
           LCD_Init                C1E8            main (main)
               calls direct
    -------------------------------------------------------------------------
<CODE> 1 (was CODE)
  Relative segment, address: C4F8 - C505 (0xe bytes), align: 1
  Segment part 15.            Intra module refs:   LCD_Init
           ENTRY                   ADDRESS         REF BY
           =====                   =======         ======
           LCD_Clear               C4F8            main (main)
               calls direct
    -------------------------------------------------------------------------
<CODE> 1 (was CODE)
  Relative segment, address: C514 - C521 (0xe bytes), align: 1
  Segment part 14.            Intra module refs:   LCD_Init
           ENTRY                   ADDRESS         REF BY
           =====                   =======         ======
           LCD_Home                C514 
               calls direct
    -------------------------------------------------------------------------
<CODE> 1 (was CODE)
  Relative segment, address: C522 - C52F (0xe bytes), align: 1
  Segment part 16.            Intra module refs:   LCD_Init
           ENTRY                   ADDRESS         REF BY
           =====                   =======         ======
           LCD_displayOn           C522 
               calls direct
    -------------------------------------------------------------------------
<CODE> 1 (was CODE)
  Relative segment, address: C39A - C3CF (0x36 bytes), align: 1
  Segment part 19.
           ENTRY                   ADDRESS         REF BY
           =====                   =======         ======
           LCD_SetCursor           C39A            main (main)
               calls direct
    -------------------------------------------------------------------------
<CODE> 1 (was CODE)
  Relative segment, address: C530 - C539 (0xa bytes), align: 1
  Segment part 30.
           ENTRY                   ADDRESS         REF BY
           =====                   =======         ======
           LCD_backlightOn         C530            main (main)
               calls direct
    -------------------------------------------------------------------------
<CODE> 1 (was CODE)
  Relative segment, address: C53A - C53F (0x6 bytes), align: 1
  Segment part 33.            Intra module refs:   LCD_Print
                                                   lcd_put_num
           ENTRY                   ADDRESS         REF BY
           =====                   =======         ======
           LCD_writeChar           C53A 
               calls direct
    -------------------------------------------------------------------------
<CODE> 1 (was CODE)
  Relative segment, address: C402 - C433 (0x32 bytes), align: 1
  Segment part 36.
           ENTRY                   ADDRESS         REF BY
           =====                   =======         ======
           LCD_Print               C402            main (main)
               calls direct
    -------------------------------------------------------------------------
<CODE> 1 (was CODE)
  Relative segment, address: C540 - C545 (0x6 bytes), align: 1
  Segment part 13.            Intra module refs:   LCD_Clear
                                                   LCD_Home
                                                   LCD_Init
                                                   LCD_SetCursor
                                                   LCD_displayOn
           ENTRY                   ADDRESS         REF BY
           =====                   =======         ======
           command                 C540 
               calls direct
    -------------------------------------------------------------------------
<CODE> 1 (was CODE)
  Relative segment, address: C434 - C45D (0x2a bytes), align: 1
  Segment part 12.            Intra module refs:   LCD_writeChar
                                                   command
           ENTRY                   ADDRESS         REF BY
           =====                   =======         ======
           send                    C434 
               calls direct
    -------------------------------------------------------------------------
<CODE> 1 (was CODE)
  Relative segment, address: C49E - C4B1 (0x14 bytes), align: 1
  Segment part 11.            Intra module refs:   LCD_Init
                                                   send
           ENTRY                   ADDRESS         REF BY
           =====                   =======         ======
           write4bits              C49E 
               calls direct
    -------------------------------------------------------------------------
<CODE> 1 (was CODE)
  Relative segment, address: C45E - C485 (0x28 bytes), align: 1
  Segment part 10.            Intra module refs:   write4bits
           ENTRY                   ADDRESS         REF BY
           =====                   =======         ======
           pulseEnable             C45E 
               calls direct
    -------------------------------------------------------------------------
<CODE> 1 (was CODE)
  Relative segment, address: C506 - C513 (0xe bytes), align: 1
  Segment part 9.             Intra module refs:   LCD_Init
                                                   LCD_backlightOn
                                                   pulseEnable
                                                   write4bits
           ENTRY                   ADDRESS         REF BY
           =====                   =======         ======
           expanderWrite           C506 
               calls direct
    -------------------------------------------------------------------------
<CODE> 1 (was CODE)
  Relative segment, address: C032 - C1E7 (0x1b6 bytes), align: 1
  Segment part 37.
           ENTRY                   ADDRESS         REF BY
           =====                   =======         ======
           lcd_put_num             C032            main (main)
               calls direct
    -------------------------------------------------------------------------
DATA16_C
  Relative segment, address: C000 - C007 (0x8 bytes), align: 1
  Segment part 2.             Intra module refs:   LCD_SetCursor

    *************************************************************************

  FILE NAME : C:\Users\PC\Desktop\LCD I2C\Debug\Obj\main.r43
  PROGRAM MODULE, NAME : main

  SEGMENTS IN THE MODULE
  ======================
DATA16_AN
  Relative segment, address: 0056 - 0056 (0x1 bytes), align: 0
  Segment part 1. ROOT        Intra module refs:   main
           ENTRY                   ADDRESS         REF BY
           =====                   =======         ======
           DCOCTL                  0056 
    -------------------------------------------------------------------------
DATA16_AN
  Relative segment, address: 0057 - 0057 (0x1 bytes), align: 0
  Segment part 2. ROOT        Intra module refs:   main
           ENTRY                   ADDRESS         REF BY
           =====                   =======         ======
           BCSCTL1                 0057 
    -------------------------------------------------------------------------
DATA16_AN
  Relative segment, address: 0120 - 0121 (0x2 bytes), align: 0
  Segment part 3. ROOT        Intra module refs:   main
           ENTRY                   ADDRESS         REF BY
           =====                   =======         ======
           WDTCTL                  0120 
    -------------------------------------------------------------------------
DATA16_AN
  Relative segment, address: 10FE - 10FE (0x1 bytes), align: 0
  Segment part 4. ROOT        Intra module refs:   main
           ENTRY                   ADDRESS         REF BY
           =====                   =======         ======
           CALDCO_1MHZ             10FE 
    -------------------------------------------------------------------------
DATA16_AN
  Relative segment, address: 10FF - 10FF (0x1 bytes), align: 0
  Segment part 5. ROOT        Intra module refs:   main
           ENTRY                   ADDRESS         REF BY
           =====                   =======         ======
           CALBC1_1MHZ             10FF 
    -------------------------------------------------------------------------
<CODE> 1 (was CODE)
  Relative segment, address: C2D2 - C321 (0x50 bytes), align: 1
  Segment part 8.
           ENTRY                   ADDRESS         REF BY
           =====                   =======         ======
           main                    C2D2            Segment part 19 (?cstart)
               calls direct
    -------------------------------------------------------------------------
DATA16_C
  Relative segment, address: C008 - C018 (0x11 bytes), align: 0
  Segment part 7.             Intra module refs:   main

    *************************************************************************

  FILE NAME : C:\Program Files (x86)\IAR Systems\Embedded Workbench 8.0\430\lib\dlib\dl430fn.r43
  LIBRARY MODULE, NAME : ?__dbg_break

  SEGMENTS IN THE MODULE
  ======================
<CODE> 1 (was CODE)
  Relative segment, address: C54E - C54F (0x2 bytes), align: 1
  Segment part 2.
           ENTRY                   ADDRESS         REF BY
           =====                   =======         ======
           __DebugBreak            C54E            __exit (?__exit)

    -------------------------------------------------------------------------
  LIBRARY MODULE, NAME : ?__exit

  SEGMENTS IN THE MODULE
  ======================
<CODE> 1 (was CODE)
  Relative segment, address: C4C4 - C4D5 (0x12 bytes), align: 1
  Segment part 2.
           ENTRY                   ADDRESS         REF BY
           =====                   =======         ======
           __exit                  C4C4            Segment part 6 (?_exit)
                                                   _exit (?_exit)
               calls direct

    -------------------------------------------------------------------------
  LIBRARY MODULE, NAME : ?_exit

  SEGMENTS IN THE MODULE
  ======================
<CODE> 1 (was CODE)
  Relative segment, address: C546, align: 1
  Segment part 0.
           ENTRY                   ADDRESS         REF BY
           =====                   =======         ======
           _exit                   C546            exit (?exit)
    -------------------------------------------------------------------------
<CODE> 1 (was CODE)
  Relative segment, address: C546 - C549 (0x4 bytes), align: 1
  Segment part 6.             Intra module refs:   _exit

    -------------------------------------------------------------------------
  LIBRARY MODULE, NAME : ?cstart

  SEGMENTS IN THE MODULE
  ======================
CSTACK
  Relative segment, address: 03B0, align: 1
  Segment part 1.
    -------------------------------------------------------------------------
DATA16_Z
  Relative segment, address: 0200, align: 1
  Segment part 2.
    -------------------------------------------------------------------------
CSTART
  Relative segment, address: C01A - C01D (0x4 bytes), align: 1
  Segment part 9.
           ENTRY                   ADDRESS         REF BY
           =====                   =======         ======
           __program_start         C01A            ?reset_vector (?reset_vector)
                                                   Absolute parts (?ABS_ENTRY_MOD)
           ?cstart_begin           C01A 
    -------------------------------------------------------------------------
CSTART
  Relative segment, address: C01E - C029 (0xc bytes), align: 1
  Segment part 14.
           ENTRY                   ADDRESS         REF BY
           =====                   =======         ======
           ?cstart_init_zero       C01E            _cols (i2c_lcd)
                                                   _rows (i2c_lcd)
                                                   backlightVal (i2c_lcd)
                                                   displayControl (i2c_lcd)
                                                   displayFunction (i2c_lcd)
                                                   displayMode (i2c_lcd)
    -------------------------------------------------------------------------
CSTART
  Relative segment, address: C02A - C031 (0x8 bytes), align: 1
  Segment part 19.            Intra module refs:   Segment part 9
           ENTRY                   ADDRESS         REF BY
           =====                   =======         ======
           ?cstart_call_main       C02A 
           ?cstart_end             C032 

    -------------------------------------------------------------------------
  LIBRARY MODULE, NAME : ?reset_vector

  SEGMENTS IN THE MODULE
  ======================
RESET
  Relative segment, address: FFFE - FFFF (0x2 bytes), align: 1
  Segment part 0.
           ENTRY                   ADDRESS         REF BY
           =====                   =======         ======
           ?reset_vector           FFFE            Segment part 9 (?cstart)

    -------------------------------------------------------------------------
  LIBRARY MODULE, NAME : ?Epilogue

  SEGMENTS IN THE MODULE
  ======================
<CODE> 1 (was CODE)
  Relative segment, address: C4B2 - C4B3 (0x2 bytes), align: 1
  Segment part 0.
           ENTRY                   ADDRESS         REF BY
           =====                   =======         ======
           ?Epilogue8              C4B2            lcd_put_num (i2c_lcd)
    -------------------------------------------------------------------------
<CODE> 1 (was CODE)
  Relative segment, address: C4B4 - C4B5 (0x2 bytes), align: 1
  Segment part 1.             Intra module refs:   ?Epilogue8
           ENTRY                   ADDRESS         REF BY
           =====                   =======         ======
           ?Epilogue7              C4B4 
    -------------------------------------------------------------------------
<CODE> 1 (was CODE)
  Relative segment, address: C4B6 - C4B7 (0x2 bytes), align: 1
  Segment part 2.             Intra module refs:   ?Epilogue7
           ENTRY                   ADDRESS         REF BY
           =====                   =======         ======
           ?Epilogue6              C4B6 
    -------------------------------------------------------------------------
<CODE> 1 (was CODE)
  Relative segment, address: C4B8 - C4B9 (0x2 bytes), align: 1
  Segment part 3.             Intra module refs:   ?Epilogue6
           ENTRY                   ADDRESS         REF BY
           =====                   =======         ======
           ?Epilogue5              C4B8 
    -------------------------------------------------------------------------
<CODE> 1 (was CODE)
  Relative segment, address: C4BA - C4BB (0x2 bytes), align: 1
  Segment part 4.             Intra module refs:   ?Epilogue5
           ENTRY                   ADDRESS         REF BY
           =====                   =======         ======
           ?Epilogue4              C4BA 
    -------------------------------------------------------------------------
<CODE> 1 (was CODE)
  Relative segment, address: C4BC - C4C3 (0x8 bytes), align: 1
  Segment part 5.             Intra module refs:   ?Epilogue4
           ENTRY                   ADDRESS         REF BY
           =====                   =======         ======
           ?Epilogue3              C4BC            LCD_Print (i2c_lcd)

    -------------------------------------------------------------------------
  LIBRARY MODULE, NAME : ?exit

  SEGMENTS IN THE MODULE
  ======================
<CODE> 1 (was CODE)
  Relative segment, address: C54A - C54D (0x4 bytes), align: 1
  Segment part 2.
           ENTRY                   ADDRESS         REF BY
           =====                   =======         ======
           exit                    C54A            Segment part 19 (?cstart)
               calls direct

    -------------------------------------------------------------------------
  LIBRARY MODULE, NAME : ?DivMod32u

  SEGMENTS IN THE MODULE
  ======================
<CODE> 1 (was CODE)
  Relative segment, address: C362 - C399 (0x38 bytes), align: 1
  Segment part 0.
           ENTRY                   ADDRESS         REF BY
           =====                   =======         ======
           ?DivMod32u              C362            ?DivMod32s (?DivMod32s)
                                                   lcd_put_num (i2c_lcd)

    -------------------------------------------------------------------------
  LIBRARY MODULE, NAME : ?DivMod32s

  SEGMENTS IN THE MODULE
  ======================
<CODE> 1 (was CODE)
  Relative segment, address: C322 - C361 (0x40 bytes), align: 1
  Segment part 0.
           ENTRY                   ADDRESS         REF BY
           =====                   =======         ======
           ?DivMod32s              C322            lcd_put_num (i2c_lcd)

    -------------------------------------------------------------------------
  LIBRARY MODULE, NAME : ?memzero

  SEGMENTS IN THE MODULE
  ======================
<CODE> 1 (was CODE)
  Relative segment, address: C4E8 - C4F7 (0x10 bytes), align: 1
  Segment part 2.
           ENTRY                   ADDRESS         REF BY
           =====                   =======         ======
           __data16_memzero        C4E8            ?cstart_init_zero (?cstart)

    -------------------------------------------------------------------------
  LIBRARY MODULE, NAME : ?strlen

  SEGMENTS IN THE MODULE
  ======================
<CODE> 1 (was CODE)
  Relative segment, address: C4D6 - C4E7 (0x12 bytes), align: 1
  Segment part 2.
           ENTRY                   ADDRESS         REF BY
           =====                   =======         ======
           strlen                  C4D6            LCD_Print (i2c_lcd)




                ****************************************
                *                                      *
                *      SEGMENTS IN ADDRESS ORDER       *
                *                                      *
                ****************************************


SEGMENT              SPACE    START ADDRESS   END ADDRESS     SIZE  TYPE  ALIGN
=======              =====    =============   ===========     ====  ====  =====
DATA16_AN                              0003 - 0003               1   rel    0
                                       0026 - 0026               1 
                                       0041 - 0041               1 
                                       0056 - 0057               2 
                                       0068 - 006B               4 
                                       006D - 006F               3 
                                       011A - 011B               2 
                                       0120 - 0121               2 
DATA16_I                                  0200                       dse    0
DATA16_Z                               0200 - 0205               6   rel    1
CSTACK                                 03B0 - 03FF              50   rel    1
DATA16_AN                              10FE - 10FF               2   rel    0
DATA16_C                               C000 - C018              19   rel    1
CSTART                                 C01A - C031              18   rel    1
<CODE> 1                               C032 - C54F             51E   rel    1
RESET                                  FFFE - FFFF               2   rel    1

                ****************************************
                *                                      *
                *        END OF CROSS REFERENCE        *
                *                                      *
                ****************************************

 1 336 bytes of CODE  memory
    86 bytes of DATA  memory (+ 18 absolute )
    25 bytes of CONST memory

Errors: none
Warnings: none

