################################################################################
#                                                                              #
#      IAR Universal Linker V6.5.1.95                                          #
#                                                                              #
#           Link time     =  02/Jul/2023  13:38:44                             #
#           Target CPU    =  MSP430                                            #
#           List file     =  "D:\VIDEO\MSP430\10.DHT11 and LED 7 SEG\code\Debu #
#                            g\List\code.map"                                  #
#           Output file 1 =  "D:\VIDEO\MSP430\10.DHT11 and LED 7 SEG\code\Debu #
#                            g\Exe\code.hex"                                   #
#                            Format: intel-extended                            #
#           Command line  =  -f C:\Users\PC\AppData\Local\Temp\EW53B.tmp       #
#                            ("D:\VIDEO\MSP430\10.DHT11 and LED 7 SEG\code\Deb #
#                            ug\Obj\main.r43"                                  #
#                            -o                                                #
#                            "D:\VIDEO\MSP430\10.DHT11 and LED 7 SEG\code\Debu #
#                            g\Exe\code.hex"                                   #
#                            -Fintel-extended -l                               #
#                            "D:\VIDEO\MSP430\10.DHT11 and LED 7 SEG\code\Debu #
#                            g\List\code.map"                                  #
#                            -xms                                              #
#                            "-IC:\Program Files (x86)\IAR Systems\Embedded Wo #
#                            rkbench 8.0\430\LIB\"                             #
#                            -f                                                #
#                            "C:\Program Files (x86)\IAR Systems\Embedded Work #
#                            bench 8.0\430\config\linker\lnk430g2553.xcl"      #
#                            (-cmsp430 -QCODE_I=CODE_ID -QTLS16_I=TLS16_ID     #
#                            -Z(CONST)INFO=1000-10FF                           #
#                            -Z(CONST)INFOA=10C0-10FF                          #
#                            -Z(CONST)INFOB=1080-10BF                          #
#                            -Z(CONST)INFOC=1040-107F                          #
#                            -Z(CONST)INFOD=1000-103F                          #
#                            -Z(DATA)DATA16_I,DATA16_Z,DATA16_N,TLS16_I=0200-0 #
#                            3FF                                               #
#                            -Z(DATA)DATA16_HEAP+_DATA16_HEAP_SIZE             #
#                            -Z(DATA)CODE_I -Z(DATA)CSTACK+_STACK_SIZE#        #
#                            -Z(CONST)DATA16_C,DATA16_ID,TLS16_ID,DIFUNCT,CHEC #
#                            KSUM=C000-FFDD                                    #
#                            -Z(CODE)CSTART,ISR_CODE,CODE_ID=C000-FFDD         #
#                            -P(CODE)CODE=C000-FFDD                            #
#                            -Z(CONST)SIGNATURE=FFDE-FFDF                      #
#                            -Z(CODE)INTVEC=FFE0-FFFF                          #
#                            -Z(CODE)RESET=FFFE-FFFF) -D_STACK_SIZE=50         #
#                            "C:\Program Files (x86)\IAR Systems\Embedded Work #
#                            bench 8.0\430\lib\dlib\dl430fn.r43"               #
#                            -e_PrintfLarge=_Printf -e_ScanfLarge=_Scanf       #
#                            -D_DATA16_HEAP_SIZE=50 -s __program_start         #
#                            -D_DATA20_HEAP_SIZE=50)                           #
#                                                                              #
#                           Copyright (C) 1987-2016 IAR Systems AB.            #
################################################################################





                ****************************************
                *                                      *
                *           CROSS REFERENCE            *
                *                                      *
                ****************************************

       Program entry at :           C016  Relocatable, from module : ?cstart




                ****************************************
                *                                      *
                *            RUNTIME MODEL             *
                *                                      *
                ****************************************

  __Heap_Handler             = Basic
  __SystemLibrary            = DLib
  __core                     = 430
  __dlib_file_descriptor     = 0
  __dlib_full_locale_support = 0
  __double_size              = 32
  __pic                      = no
  __reg_r4                   = free
  __reg_r5                   = free
  __rt_version               = 3

                ****************************************
                *                                      *
                *    AUTOMATIC SYMBOL REDIRECTIONS     *
                *                                      *
                ****************************************

                  There are no automatic symbol redirections.



                ****************************************
                *                                      *
                *              MODULE MAP              *
                *                                      *
                ****************************************


  DEFINED ABSOLUTE ENTRIES
    *************************************************************************

  DEFINED ABSOLUTE ENTRIES
  PROGRAM MODULE, NAME : ?ABS_ENTRY_MOD

Absolute parts
           ENTRY                   ADDRESS         REF BY
           =====                   =======         ======
           _DATA20_HEAP_SIZE       0050 
           _DATA16_HEAP_SIZE       0050 
           _STACK_SIZE             0050 
    *************************************************************************

  FILE NAME : D:\VIDEO\MSP430\10.DHT11 and LED 7 SEG\code\Debug\Obj\main.r43
  PROGRAM MODULE, NAME : main

  SEGMENTS IN THE MODULE
  ======================
DATA16_AN
  Relative segment, address: 0056 - 0056 (0x1 bytes), align: 0
  Segment part 1. ROOT        Intra module refs:   main
           ENTRY                   ADDRESS         REF BY
           =====                   =======         ======
           DCOCTL                  0056 
    -------------------------------------------------------------------------
DATA16_AN
  Relative segment, address: 0057 - 0057 (0x1 bytes), align: 0
  Segment part 2. ROOT        Intra module refs:   main
           ENTRY                   ADDRESS         REF BY
           =====                   =======         ======
           BCSCTL1                 0057 
    -------------------------------------------------------------------------
DATA16_AN
  Relative segment, address: 0020 - 0020 (0x1 bytes), align: 0
  Segment part 3. ROOT        Intra module refs:   readDHT11
           ENTRY                   ADDRESS         REF BY
           =====                   =======         ======
           P1IN                    0020 
    -------------------------------------------------------------------------
DATA16_AN
  Relative segment, address: 0021 - 0021 (0x1 bytes), align: 0
  Segment part 4. ROOT        Intra module refs:   outByte
                                                   readDHT11
           ENTRY                   ADDRESS         REF BY
           =====                   =======         ======
           P1OUT                   0021 
    -------------------------------------------------------------------------
DATA16_AN
  Relative segment, address: 0022 - 0022 (0x1 bytes), align: 0
  Segment part 5. ROOT        Intra module refs:   main
                                                   readDHT11
           ENTRY                   ADDRESS         REF BY
           =====                   =======         ======
           P1DIR                   0022 
    -------------------------------------------------------------------------
DATA16_AN
  Relative segment, address: 0160 - 0161 (0x2 bytes), align: 0
  Segment part 6. ROOT        Intra module refs:   init_timer
           ENTRY                   ADDRESS         REF BY
           =====                   =======         ======
           TA0CTL                  0160 
    -------------------------------------------------------------------------
DATA16_AN
  Relative segment, address: 0162 - 0163 (0x2 bytes), align: 0
  Segment part 7. ROOT        Intra module refs:   init_timer
           ENTRY                   ADDRESS         REF BY
           =====                   =======         ======
           TA0CCTL0                0162 
    -------------------------------------------------------------------------
DATA16_AN
  Relative segment, address: 0172 - 0173 (0x2 bytes), align: 0
  Segment part 8. ROOT        Intra module refs:   init_timer
           ENTRY                   ADDRESS         REF BY
           =====                   =======         ======
           TA0CCR0                 0172 
    -------------------------------------------------------------------------
DATA16_AN
  Relative segment, address: 0120 - 0121 (0x2 bytes), align: 0
  Segment part 9. ROOT        Intra module refs:   main
           ENTRY                   ADDRESS         REF BY
           =====                   =======         ======
           WDTCTL                  0120 
    -------------------------------------------------------------------------
DATA16_AN
  Relative segment, address: 10FE - 10FE (0x1 bytes), align: 0
  Segment part 10. ROOT       Intra module refs:   main
           ENTRY                   ADDRESS         REF BY
           =====                   =======         ======
           CALDCO_1MHZ             10FE 
    -------------------------------------------------------------------------
DATA16_AN
  Relative segment, address: 10FF - 10FF (0x1 bytes), align: 0
  Segment part 11. ROOT       Intra module refs:   main
           ENTRY                   ADDRESS         REF BY
           =====                   =======         ======
           CALBC1_1MHZ             10FF 
    -------------------------------------------------------------------------
DATA16_Z
  Relative segment, address: 0218 - 0218 (0x1 bytes), align: 0
  Segment part 15.            Intra module refs:   main
                                                   readDHT11
           ENTRY                   ADDRESS         REF BY
           =====                   =======         ======
           nhietDo                 0218 
    -------------------------------------------------------------------------
DATA16_Z
  Relative segment, address: 0219 - 0219 (0x1 bytes), align: 0
  Segment part 16.            Intra module refs:   main
                                                   readDHT11
           ENTRY                   ADDRESS         REF BY
           =====                   =======         ======
           doAm                    0219 
    -------------------------------------------------------------------------
DATA16_Z
  Relative segment, address: 021A - 021A (0x1 bytes), align: 0
  Segment part 17.            Intra module refs:   readDHT11
           ENTRY                   ADDRESS         REF BY
           =====                   =======         ======
           check_sum               021A 
    -------------------------------------------------------------------------
<CODE> 1 (was CODE)
  Relative segment, address: C03E - C161 (0x124 bytes), align: 1
  Segment part 26.            Intra module refs:   main
           ENTRY                   ADDRESS         REF BY
           =====                   =======         ======
           readDHT11               C03E 
               calls direct
    -------------------------------------------------------------------------
DATA16_I
  Relative segment, address: 0200 - 0203 (0x4 bytes), align: 1
  Segment part 18.            Intra module refs:   hien_thi
           ENTRY                   ADDRESS         REF BY
           =====                   =======         ======
           cout                    0200 
    -------------------------------------------------------------------------
DATA16_Z
  Relative segment, address: 0216 - 0217 (0x2 bytes), align: 1
  Segment part 20.            Intra module refs:   Scan_8LED
                                                   hien_thi
           ENTRY                   ADDRESS         REF BY
           =====                   =======         ======
           coutnum                 0216 
    -------------------------------------------------------------------------
DATA16_Z
  Relative segment, address: 021B - 0222 (0x8 bytes), align: 0
  Segment part 21.            Intra module refs:   Scan_8LED
                                                   hien_thi
           ENTRY                   ADDRESS         REF BY
           =====                   =======         ======
           DATA_8LED               021B 
    -------------------------------------------------------------------------
DATA16_I
  Relative segment, address: 0204 - 020B (0x8 bytes), align: 0
  Segment part 22.            Intra module refs:   Scan_8LED
           ENTRY                   ADDRESS         REF BY
           =====                   =======         ======
           SCAN                    0204 
    -------------------------------------------------------------------------
DATA16_I
  Relative segment, address: 020C - 0215 (0xa bytes), align: 0
  Segment part 24.            Intra module refs:   Scan_8LED
           ENTRY                   ADDRESS         REF BY
           =====                   =======         ======
           led7                    020C 
    -------------------------------------------------------------------------
<CODE> 1 (was CODE)
  Relative segment, address: C34A - C3A7 (0x5e bytes), align: 1
  Segment part 29.
           ENTRY                   ADDRESS         REF BY
           =====                   =======         ======
           main                    C34A            Segment part 19 (?cstart)
               calls direct
    -------------------------------------------------------------------------
<CODE> 1 (was CODE)
  Relative segment, address: C3EE - C42B (0x3e bytes), align: 1
  Segment part 30.            Intra module refs:   Scan_8LED
           ENTRY                   ADDRESS         REF BY
           =====                   =======         ======
           outByte                 C3EE 
               calls direct
    -------------------------------------------------------------------------
<CODE> 1 (was CODE)
  Relative segment, address: C162 - C227 (0xc6 bytes), align: 1
  Segment part 27.            Intra module refs:   main
           ENTRY                   ADDRESS         REF BY
           =====                   =======         ======
           hien_thi                C162 
               calls direct
    -------------------------------------------------------------------------
<CODE> 1 (was CODE)
  Relative segment, address: C42C - C467 (0x3c bytes), align: 1
  Segment part 31.            Intra module refs:   Timer_A
           ENTRY                   ADDRESS         REF BY
           =====                   =======         ======
           Scan_8LED               C42C 
               calls direct
    -------------------------------------------------------------------------
<CODE> 1 (was CODE)
  Relative segment, address: C498 - C4AB (0x14 bytes), align: 1
  Segment part 28.            Intra module refs:   main
           ENTRY                   ADDRESS         REF BY
           =====                   =======         ======
           init_timer              C498 
    -------------------------------------------------------------------------
<CODE> 1 (was CODE)
  Relative segment, address: C482 - C497 (0x16 bytes), align: 1
  Segment part 32.            Intra module refs:   Timer_A::??INTVEC 18
           ENTRY                   ADDRESS         REF BY
           =====                   =======         ======
           Timer_A                 C482 
               interrupt function
               calls direct
    -------------------------------------------------------------------------
INTVEC
  Common segment, address: FFE0 - FFF3 (0x14 bytes), align: 1
  Segment part 12. ROOT 
           ENTRY                   ADDRESS         REF BY
           =====                   =======         ======
           Timer_A::??INTVEC 18    FFF2 
    -------------------------------------------------------------------------
DATA16_ID
  Relative segment, address: C000 - C003 (0x4 bytes), align: 1
  Segment part 19.            Intra module refs:   cout
    -------------------------------------------------------------------------
DATA16_ID
  Relative segment, address: C004 - C00B (0x8 bytes), align: 0
  Segment part 23.            Intra module refs:   SCAN
    -------------------------------------------------------------------------
DATA16_ID
  Relative segment, address: C00C - C015 (0xa bytes), align: 0
  Segment part 25.            Intra module refs:   led7

    *************************************************************************

  FILE NAME : C:\Program Files (x86)\IAR Systems\Embedded Workbench 8.0\430\lib\dlib\dl430fn.r43
  LIBRARY MODULE, NAME : ?_exit

  SEGMENTS IN THE MODULE
  ======================
<CODE> 1 (was CODE)
  Relative segment, address: C510, align: 1
  Segment part 0.
           ENTRY                   ADDRESS         REF BY
           =====                   =======         ======
           _exit                   C510            exit (?exit)
    -------------------------------------------------------------------------
<CODE> 1 (was CODE)
  Relative segment, address: C510 - C513 (0x4 bytes), align: 1
  Segment part 6.             Intra module refs:   _exit

    -------------------------------------------------------------------------
  LIBRARY MODULE, NAME : ?cstart

  SEGMENTS IN THE MODULE
  ======================
CSTACK
  Relative segment, address: 03B0, align: 1
  Segment part 1.
    -------------------------------------------------------------------------
DATA16_Z
  Relative segment, address: 0218, align: 1
  Segment part 2.
    -------------------------------------------------------------------------
DATA16_I
  Relative segment, address: 0204, align: 1
  Segment part 3.
    -------------------------------------------------------------------------
DATA16_ID
  Relative segment, address: C004, align: 1
  Segment part 4.
    -------------------------------------------------------------------------
CSTART
  Relative segment, address: C016 - C019 (0x4 bytes), align: 1
  Segment part 9.
           ENTRY                   ADDRESS         REF BY
           =====                   =======         ======
           __program_start         C016            ?reset_vector (?reset_vector)
                                                   Absolute parts (?ABS_ENTRY_MOD)
           ?cstart_begin           C016 
    -------------------------------------------------------------------------
CSTART
  Relative segment, address: C01A - C025 (0xc bytes), align: 1
  Segment part 14.
           ENTRY                   ADDRESS         REF BY
           =====                   =======         ======
           ?cstart_init_zero       C01A            DATA_8LED (main)
                                                   check_sum (main)
                                                   coutnum (main)
                                                   doAm (main)
                                                   nhietDo (main)
    -------------------------------------------------------------------------
CSTART
  Relative segment, address: C026 - C035 (0x10 bytes), align: 1
  Segment part 15.
           ENTRY                   ADDRESS         REF BY
           =====                   =======         ======
           ?cstart_init_copy       C026            SCAN (main)
                                                   cout (main)
                                                   led7 (main)
    -------------------------------------------------------------------------
CSTART
  Relative segment, address: C036 - C03D (0x8 bytes), align: 1
  Segment part 19.            Intra module refs:   Segment part 9
           ENTRY                   ADDRESS         REF BY
           =====                   =======         ======
           ?cstart_call_main       C036 
           ?cstart_end             C03E 

    -------------------------------------------------------------------------
  LIBRARY MODULE, NAME : ?reset_vector

  SEGMENTS IN THE MODULE
  ======================
RESET
  Relative segment, address: FFFE - FFFF (0x2 bytes), align: 1
  Segment part 0.
           ENTRY                   ADDRESS         REF BY
           =====                   =======         ======
           ?reset_vector           FFFE            Segment part 9 (?cstart)

    -------------------------------------------------------------------------
  LIBRARY MODULE, NAME : ?div64i

  SEGMENTS IN THE MODULE
  ======================
<CODE> 1 (was CODE)
  Relative segment, address: C228 - C2D7 (0xb0 bytes), align: 1
  Segment part 2.             Intra module refs:   _Div64s
           ENTRY                   ADDRESS         REF BY
           =====                   =======         ======
           _Div64u                 C228 
    -------------------------------------------------------------------------
<CODE> 1 (was CODE)
  Relative segment, address: C2D8 - C349 (0x72 bytes), align: 1
  Segment part 3.             Intra module refs:   _Mod64s
           ENTRY                   ADDRESS         REF BY
           =====                   =======         ======
           _Mod64u                 C2D8 
    -------------------------------------------------------------------------
<CODE> 1 (was CODE)
  Relative segment, address: C3A8 - C3C5 (0x1e bytes), align: 1
  Segment part 5.
           ENTRY                   ADDRESS         REF BY
           =====                   =======         ======
           _Div64s                 C3A8            hien_thi (main)
               calls direct
    -------------------------------------------------------------------------
<CODE> 1 (was CODE)
  Relative segment, address: C3C6 - C3CF (0xa bytes), align: 1
  Segment part 6.             Intra module refs:   _Div64s
                                                   _Mod64s
    -------------------------------------------------------------------------
<CODE> 1 (was CODE)
  Relative segment, address: C3D0 - C3ED (0x1e bytes), align: 1
  Segment part 7.
           ENTRY                   ADDRESS         REF BY
           =====                   =======         ======
           _Mod64s                 C3D0            hien_thi (main)
               calls direct
    -------------------------------------------------------------------------
<CODE> 1 (was CODE)
  Relative segment, address: C4AC - C4BD (0x12 bytes), align: 1
  Segment part 8.             Intra module refs:   _Div64s
                                                   _Mod64s
    -------------------------------------------------------------------------
<CODE> 1 (was CODE)
  Relative segment, address: C4BE - C4CF (0x12 bytes), align: 1
  Segment part 9.             Intra module refs:   Segment part 6
                                                   _Div64s
                                                   _Mod64s
    -------------------------------------------------------------------------
<CODE> 1 (was CODE)
  Relative segment, address: C468 - C481 (0x1a bytes), align: 1
  Segment part 4.             Intra module refs:   _Div64u
                                                   _Mod64u

    -------------------------------------------------------------------------
  LIBRARY MODULE, NAME : ?Epilogue

  SEGMENTS IN THE MODULE
  ======================
<CODE> 1 (was CODE)
  Relative segment, address: C4E2 - C4E3 (0x2 bytes), align: 1
  Segment part 0.
           ENTRY                   ADDRESS         REF BY
           =====                   =======         ======
           ?Epilogue8              C4E2            hien_thi (main)
    -------------------------------------------------------------------------
<CODE> 1 (was CODE)
  Relative segment, address: C4E4 - C4E5 (0x2 bytes), align: 1
  Segment part 1.             Intra module refs:   ?Epilogue8
           ENTRY                   ADDRESS         REF BY
           =====                   =======         ======
           ?Epilogue7              C4E4 
    -------------------------------------------------------------------------
<CODE> 1 (was CODE)
  Relative segment, address: C4E6 - C4E7 (0x2 bytes), align: 1
  Segment part 2.             Intra module refs:   ?Epilogue7
           ENTRY                   ADDRESS         REF BY
           =====                   =======         ======
           ?Epilogue6              C4E6 
    -------------------------------------------------------------------------
<CODE> 1 (was CODE)
  Relative segment, address: C4E8 - C4E9 (0x2 bytes), align: 1
  Segment part 3.             Intra module refs:   ?Epilogue6
           ENTRY                   ADDRESS         REF BY
           =====                   =======         ======
           ?Epilogue5              C4E8 
    -------------------------------------------------------------------------
<CODE> 1 (was CODE)
  Relative segment, address: C4EA - C4EB (0x2 bytes), align: 1
  Segment part 4.             Intra module refs:   ?Epilogue5
           ENTRY                   ADDRESS         REF BY
           =====                   =======         ======
           ?Epilogue4              C4EA 
    -------------------------------------------------------------------------
<CODE> 1 (was CODE)
  Relative segment, address: C4EC - C4F3 (0x8 bytes), align: 1
  Segment part 5.             Intra module refs:   ?Epilogue4
           ENTRY                   ADDRESS         REF BY
           =====                   =======         ======
           ?Epilogue3              C4EC 

    -------------------------------------------------------------------------
  LIBRARY MODULE, NAME : ?exit

  SEGMENTS IN THE MODULE
  ======================
<CODE> 1 (was CODE)
  Relative segment, address: C514 - C517 (0x4 bytes), align: 1
  Segment part 2.
           ENTRY                   ADDRESS         REF BY
           =====                   =======         ======
           exit                    C514            Segment part 19 (?cstart)
               calls direct

    -------------------------------------------------------------------------
  LIBRARY MODULE, NAME : ?ShiftLeft16

  SEGMENTS IN THE MODULE
  ======================
<CODE> 1 (was CODE)
  Relative segment, address: C504 - C50F (0xc bytes), align: 1
  Segment part 0.
           ENTRY                   ADDRESS         REF BY
           =====                   =======         ======
           ?ShiftLeft16            C504            outByte (main)
                                                   readDHT11 (main)

    -------------------------------------------------------------------------
  LIBRARY MODULE, NAME : ?memcpy

  SEGMENTS IN THE MODULE
  ======================
<CODE> 1 (was CODE)
  Relative segment, address: C4D0 - C4E1 (0x12 bytes), align: 1
  Segment part 2.
           ENTRY                   ADDRESS         REF BY
           =====                   =======         ======
           memcpy                  C4D0            __data16_memcpy (?memzero)

    -------------------------------------------------------------------------
  LIBRARY MODULE, NAME : ?memzero

  SEGMENTS IN THE MODULE
  ======================
<CODE> 1 (was CODE)
  Relative segment, address: C4F4 - C503 (0x10 bytes), align: 1
  Segment part 2.
           ENTRY                   ADDRESS         REF BY
           =====                   =======         ======
           __data16_memzero        C4F4            ?cstart_init_zero (?cstart)
    -------------------------------------------------------------------------
<CODE> 1 (was CODE)
  Relative segment, address: C518 - C51B (0x4 bytes), align: 1
  Segment part 3.
           ENTRY                   ADDRESS         REF BY
           =====                   =======         ======
           __data16_memcpy         C518            ?cstart_init_copy (?cstart)
               calls direct

    -------------------------------------------------------------------------
  LIBRARY MODULE, NAME : ?__exit

  SEGMENTS IN THE MODULE
  ======================
<CODE> 1 (was CODE)
  Relative segment, address: C51C - C51D (0x2 bytes), align: 1
  Segment part 2.
           ENTRY                   ADDRESS         REF BY
           =====                   =======         ======
           __exit                  C51C            Segment part 6 (?_exit)
                                                   _exit (?_exit)




                ****************************************
                *                                      *
                *      SEGMENTS IN ADDRESS ORDER       *
                *                                      *
                ****************************************


SEGMENT              SPACE    START ADDRESS   END ADDRESS     SIZE  TYPE  ALIGN
=======              =====    =============   ===========     ====  ====  =====
DATA16_AN                              0020 - 0022               3   rel    0
                                       0056 - 0057               2 
                                       0120 - 0121               2 
                                       0160 - 0163               4 
                                       0172 - 0173               2 
DATA16_I                               0200 - 0215              16   rel    1
DATA16_Z                               0216 - 0222               D   rel    1
CSTACK                                 03B0 - 03FF              50   rel    1
DATA16_AN                              10FE - 10FF               2   rel    0
DATA16_C                                  C000                       dse    0
DATA16_ID                              C000 - C015              16   rel    1
CSTART                                 C016 - C03D              28   rel    1
<CODE> 1                               C03E - C51D             4E0   rel    1
INTVEC                                 FFE0 - FFF3              14   com    1
RESET                                  FFFE - FFFF               2   rel    1

                ****************************************
                *                                      *
                *        END OF CROSS REFERENCE        *
                *                                      *
                ****************************************

 1 310 bytes of CODE  memory
   115 bytes of DATA  memory (+ 15 absolute )
    22 bytes of CONST memory

Errors: none
Warnings: none

