################################################################################
#                                                                              #
#      IAR Universal Linker V6.5.1.95                                          #
#                                                                              #
#           Link time     =  05/Jul/2023  08:15:46                             #
#           Target CPU    =  MSP430                                            #
#           List file     =  C:\Users\PC\Desktop\code\Debug\List\LCD_I2C_Loadi #
#                            ng.map                                            #
#           Output file 1 =  C:\Users\PC\Desktop\code\Debug\Exe\LCD_I2C_Loadin #
#                            g.d43                                             #
#                            Format: ubrof10                                   #
#                            UBROF version 10.0.6                              #
#                            Using library modules for C-SPY (-rt)             #
#           Command line  =  -f C:\Users\PC\AppData\Local\Temp\EW6075.tmp      #
#                            (C:\Users\PC\Desktop\code\Debug\Obj\delay.r43     #
#                            C:\Users\PC\Desktop\code\Debug\Obj\i2c.r43        #
#                            C:\Users\PC\Desktop\code\Debug\Obj\i2c_lcd.r43    #
#                            C:\Users\PC\Desktop\code\Debug\Obj\main.r43 -o    #
#                            C:\Users\PC\Desktop\code\Debug\Exe\LCD_I2C_Loadin #
#                            g.d43                                             #
#                            -l                                                #
#                            C:\Users\PC\Desktop\code\Debug\List\LCD_I2C_Loadi #
#                            ng.map                                            #
#                            -xms                                              #
#                            "-IC:\Program Files (x86)\IAR Systems\Embedded Wo #
#                            rkbench 8.0\430\LIB\"                             #
#                            -f                                                #
#                            "C:\Program Files (x86)\IAR Systems\Embedded Work #
#                            bench 8.0\430\config\linker\lnk430g2553.xcl"      #
#                            (-cmsp430 -QCODE_I=CODE_ID -QTLS16_I=TLS16_ID     #
#                            -Z(CONST)INFO=1000-10FF                           #
#                            -Z(CONST)INFOA=10C0-10FF                          #
#                            -Z(CONST)INFOB=1080-10BF                          #
#                            -Z(CONST)INFOC=1040-107F                          #
#                            -Z(CONST)INFOD=1000-103F                          #
#                            -Z(DATA)DATA16_I,DATA16_Z,DATA16_N,TLS16_I=0200-0 #
#                            3FF                                               #
#                            -Z(DATA)DATA16_HEAP+_DATA16_HEAP_SIZE             #
#                            -Z(DATA)CODE_I -Z(DATA)CSTACK+_STACK_SIZE#        #
#                            -Z(CONST)DATA16_C,DATA16_ID,TLS16_ID,DIFUNCT,CHEC #
#                            KSUM=C000-FFDD                                    #
#                            -Z(CODE)CSTART,ISR_CODE,CODE_ID=C000-FFDD         #
#                            -P(CODE)CODE=C000-FFDD                            #
#                            -Z(CONST)SIGNATURE=FFDE-FFDF                      #
#                            -Z(CODE)INTVEC=FFE0-FFFF                          #
#                            -Z(CODE)RESET=FFFE-FFFF) -D_STACK_SIZE=50 -rt     #
#                            "C:\Program Files (x86)\IAR Systems\Embedded Work #
#                            bench 8.0\430\lib\dlib\dl430fn.r43"               #
#                            -e_PrintfLarge=_Printf -e_ScanfLarge=_Scanf       #
#                            -D_DATA16_HEAP_SIZE=50 -s __program_start         #
#                            -D_DATA20_HEAP_SIZE=50)                           #
#                                                                              #
#                           Copyright (C) 1987-2016 IAR Systems AB.            #
################################################################################





                ****************************************
                *                                      *
                *           CROSS REFERENCE            *
                *                                      *
                ****************************************

       Program entry at :           C022  Relocatable, from module : ?cstart




                ****************************************
                *                                      *
                *            RUNTIME MODEL             *
                *                                      *
                ****************************************

  __Heap_Handler             = Basic
  __SystemLibrary            = DLib
  __core                     = 430
  __dlib_file_descriptor     = 0
  __dlib_full_locale_support = 0
  __double_size              = 32
  __pic                      = no
  __reg_r4                   = free
  __reg_r5                   = free
  __rt_version               = 3

                ****************************************
                *                                      *
                *    AUTOMATIC SYMBOL REDIRECTIONS     *
                *                                      *
                ****************************************

                  There are no automatic symbol redirections.



                ****************************************
                *                                      *
                *              MODULE MAP              *
                *                                      *
                ****************************************


  DEFINED ABSOLUTE ENTRIES
    *************************************************************************

  DEFINED ABSOLUTE ENTRIES
  PROGRAM MODULE, NAME : ?ABS_ENTRY_MOD

Absolute parts
           ENTRY                   ADDRESS         REF BY
           =====                   =======         ======
           _DATA20_HEAP_SIZE       0050 
           _DATA16_HEAP_SIZE       0050 
           _STACK_SIZE             0050 
    *************************************************************************

  FILE NAME : C:\Users\PC\Desktop\code\Debug\Obj\delay.r43
  PROGRAM MODULE, NAME : delay

  SEGMENTS IN THE MODULE
  ======================
<CODE> 1 (was CODE)
  Relative segment, address: C2D0 - C2E1 (0x12 bytes), align: 1
  Segment part 2.
           ENTRY                   ADDRESS         REF BY
           =====                   =======         ======
           delay_us                C2D0            LCD_Clear (i2c_lcd)
                                                   LCD_Home (i2c_lcd)
                                                   LCD_Init (i2c_lcd)
                                                   pulseEnable (i2c_lcd)

    *************************************************************************

  FILE NAME : C:\Users\PC\Desktop\code\Debug\Obj\i2c.r43
  PROGRAM MODULE, NAME : i2c

  SEGMENTS IN THE MODULE
  ======================
DATA16_AN
  Relative segment, address: 0003 - 0003 (0x1 bytes), align: 0
  Segment part 1. ROOT        Intra module refs:   I2C_USCI_Write_Byte
           ENTRY                   ADDRESS         REF BY
           =====                   =======         ======
           IFG2                    0003 
    -------------------------------------------------------------------------
DATA16_AN
  Relative segment, address: 0026 - 0026 (0x1 bytes), align: 0
  Segment part 2. ROOT        Intra module refs:   I2C_USCI_Init
           ENTRY                   ADDRESS         REF BY
           =====                   =======         ======
           P1SEL                   0026 
    -------------------------------------------------------------------------
DATA16_AN
  Relative segment, address: 0041 - 0041 (0x1 bytes), align: 0
  Segment part 3. ROOT        Intra module refs:   I2C_USCI_Init
           ENTRY                   ADDRESS         REF BY
           =====                   =======         ======
           P1SEL2                  0041 
    -------------------------------------------------------------------------
DATA16_AN
  Relative segment, address: 0068 - 0068 (0x1 bytes), align: 0
  Segment part 4. ROOT        Intra module refs:   I2C_USCI_Init
           ENTRY                   ADDRESS         REF BY
           =====                   =======         ======
           UCB0CTL0                0068 
    -------------------------------------------------------------------------
DATA16_AN
  Relative segment, address: 0069 - 0069 (0x1 bytes), align: 0
  Segment part 5. ROOT        Intra module refs:   I2C_USCI_Init
                                                   I2C_USCI_Write_Byte
           ENTRY                   ADDRESS         REF BY
           =====                   =======         ======
           UCB0CTL1                0069 
    -------------------------------------------------------------------------
DATA16_AN
  Relative segment, address: 006A - 006A (0x1 bytes), align: 0
  Segment part 6. ROOT        Intra module refs:   I2C_USCI_Init
           ENTRY                   ADDRESS         REF BY
           =====                   =======         ======
           UCB0BR0                 006A 
    -------------------------------------------------------------------------
DATA16_AN
  Relative segment, address: 006B - 006B (0x1 bytes), align: 0
  Segment part 7. ROOT        Intra module refs:   I2C_USCI_Init
           ENTRY                   ADDRESS         REF BY
           =====                   =======         ======
           UCB0BR1                 006B 
    -------------------------------------------------------------------------
DATA16_AN
  Relative segment, address: 006D - 006D (0x1 bytes), align: 0
  Segment part 8. ROOT        Intra module refs:   I2C_USCI_Write_Byte
           ENTRY                   ADDRESS         REF BY
           =====                   =======         ======
           UCB0STAT                006D 
    -------------------------------------------------------------------------
DATA16_AN
  Relative segment, address: 006E - 006E (0x1 bytes), align: 0
  Segment part 9. ROOT 
           ENTRY                   ADDRESS         REF BY
           =====                   =======         ======
           UCB0RXBUF               006E 
    -------------------------------------------------------------------------
DATA16_AN
  Relative segment, address: 006F - 006F (0x1 bytes), align: 0
  Segment part 10. ROOT       Intra module refs:   I2C_USCI_Write_Byte
           ENTRY                   ADDRESS         REF BY
           =====                   =======         ======
           UCB0TXBUF               006F 
    -------------------------------------------------------------------------
DATA16_AN
  Relative segment, address: 011A - 011B (0x2 bytes), align: 0
  Segment part 11. ROOT       Intra module refs:   I2C_USCI_Init
           ENTRY                   ADDRESS         REF BY
           =====                   =======         ======
           UCB0I2CSA               011A 
    -------------------------------------------------------------------------
<CODE> 1 (was CODE)
  Relative segment, address: C238 - C269 (0x32 bytes), align: 1
  Segment part 13.
           ENTRY                   ADDRESS         REF BY
           =====                   =======         ======
           I2C_USCI_Init           C238            LCD_Init (i2c_lcd)
    -------------------------------------------------------------------------
<CODE> 1 (was CODE)
  Relative segment, address: C0DE - C133 (0x56 bytes), align: 1
  Segment part 15.
           ENTRY                   ADDRESS         REF BY
           =====                   =======         ======
           I2C_USCI_Write_Byte     C0DE            expanderWrite (i2c_lcd)

    *************************************************************************

  FILE NAME : C:\Users\PC\Desktop\code\Debug\Obj\i2c_lcd.r43
  PROGRAM MODULE, NAME : i2c_lcd

  SEGMENTS IN THE MODULE
  ======================
DATA16_Z
  Relative segment, address: 0208 - 0208 (0x1 bytes), align: 0
  Segment part 3.             Intra module refs:   LCD_Init
                                                   LCD_SetCursor
           ENTRY                   ADDRESS         REF BY
           =====                   =======         ======
           _rows                   0208 
    -------------------------------------------------------------------------
DATA16_Z
  Relative segment, address: 0209 - 0209 (0x1 bytes), align: 0
  Segment part 4.             Intra module refs:   LCD_Init
           ENTRY                   ADDRESS         REF BY
           =====                   =======         ======
           _cols                   0209 
    -------------------------------------------------------------------------
DATA16_Z
  Relative segment, address: 020A - 020A (0x1 bytes), align: 0
  Segment part 5.             Intra module refs:   LCD_Init
           ENTRY                   ADDRESS         REF BY
           =====                   =======         ======
           displayFunction         020A 
    -------------------------------------------------------------------------
DATA16_Z
  Relative segment, address: 020B - 020B (0x1 bytes), align: 0
  Segment part 6.             Intra module refs:   LCD_Init
                                                   LCD_displayOn
           ENTRY                   ADDRESS         REF BY
           =====                   =======         ======
           displayControl          020B 
    -------------------------------------------------------------------------
DATA16_Z
  Relative segment, address: 020C - 020C (0x1 bytes), align: 0
  Segment part 7.             Intra module refs:   LCD_Init
           ENTRY                   ADDRESS         REF BY
           =====                   =======         ======
           displayMode             020C 
    -------------------------------------------------------------------------
DATA16_Z
  Relative segment, address: 020D - 020D (0x1 bytes), align: 0
  Segment part 8.             Intra module refs:   LCD_Init
                                                   expanderWrite
           ENTRY                   ADDRESS         REF BY
           =====                   =======         ======
           backlightVal            020D 
    -------------------------------------------------------------------------
<CODE> 1 (was CODE)
  Relative segment, address: C04A - C0DD (0x94 bytes), align: 1
  Segment part 17.
           ENTRY                   ADDRESS         REF BY
           =====                   =======         ======
           LCD_Init                C04A            main (main)
               calls direct
    -------------------------------------------------------------------------
<CODE> 1 (was CODE)
  Relative segment, address: C336 - C343 (0xe bytes), align: 1
  Segment part 15.            Intra module refs:   LCD_Init
           ENTRY                   ADDRESS         REF BY
           =====                   =======         ======
           LCD_Clear               C336            main (main)
               calls direct
    -------------------------------------------------------------------------
<CODE> 1 (was CODE)
  Relative segment, address: C344 - C351 (0xe bytes), align: 1
  Segment part 14.            Intra module refs:   LCD_Init
           ENTRY                   ADDRESS         REF BY
           =====                   =======         ======
           LCD_Home                C344 
               calls direct
    -------------------------------------------------------------------------
<CODE> 1 (was CODE)
  Relative segment, address: C328 - C335 (0xe bytes), align: 1
  Segment part 16.            Intra module refs:   LCD_Init
           ENTRY                   ADDRESS         REF BY
           =====                   =======         ======
           LCD_displayOn           C328 
               calls direct
    -------------------------------------------------------------------------
<CODE> 1 (was CODE)
  Relative segment, address: C1D0 - C205 (0x36 bytes), align: 1
  Segment part 19.
           ENTRY                   ADDRESS         REF BY
           =====                   =======         ======
           LCD_SetCursor           C1D0            main (main)
               calls direct
    -------------------------------------------------------------------------
<CODE> 1 (was CODE)
  Relative segment, address: C134 - C181 (0x4e bytes), align: 1
  Segment part 34.
           ENTRY                   ADDRESS         REF BY
           =====                   =======         ======
           LCD_createChar          C134            main (main)
               calls direct
    -------------------------------------------------------------------------
<CODE> 1 (was CODE)
  Relative segment, address: C372 - C377 (0x6 bytes), align: 1
  Segment part 33.            Intra module refs:   LCD_Print
                                                   LCD_createChar
           ENTRY                   ADDRESS         REF BY
           =====                   =======         ======
           LCD_writeChar           C372            main (main)
               calls direct
    -------------------------------------------------------------------------
<CODE> 1 (was CODE)
  Relative segment, address: C206 - C237 (0x32 bytes), align: 1
  Segment part 36.
           ENTRY                   ADDRESS         REF BY
           =====                   =======         ======
           LCD_Print               C206            main (main)
               calls direct
    -------------------------------------------------------------------------
<CODE> 1 (was CODE)
  Relative segment, address: C36C - C371 (0x6 bytes), align: 1
  Segment part 13.            Intra module refs:   LCD_Clear
                                                   LCD_Home
                                                   LCD_Init
                                                   LCD_SetCursor
                                                   LCD_createChar
                                                   LCD_displayOn
           ENTRY                   ADDRESS         REF BY
           =====                   =======         ======
           command                 C36C 
               calls direct
    -------------------------------------------------------------------------
<CODE> 1 (was CODE)
  Relative segment, address: C26A - C293 (0x2a bytes), align: 1
  Segment part 12.            Intra module refs:   LCD_writeChar
                                                   command
           ENTRY                   ADDRESS         REF BY
           =====                   =======         ======
           send                    C26A 
               calls direct
    -------------------------------------------------------------------------
<CODE> 1 (was CODE)
  Relative segment, address: C2BC - C2CF (0x14 bytes), align: 1
  Segment part 11.            Intra module refs:   LCD_Init
                                                   send
           ENTRY                   ADDRESS         REF BY
           =====                   =======         ======
           write4bits              C2BC 
               calls direct
    -------------------------------------------------------------------------
<CODE> 1 (was CODE)
  Relative segment, address: C294 - C2BB (0x28 bytes), align: 1
  Segment part 10.            Intra module refs:   write4bits
           ENTRY                   ADDRESS         REF BY
           =====                   =======         ======
           pulseEnable             C294 
               calls direct
    -------------------------------------------------------------------------
<CODE> 1 (was CODE)
  Relative segment, address: C352 - C35F (0xe bytes), align: 1
  Segment part 9.             Intra module refs:   LCD_Init
                                                   pulseEnable
                                                   write4bits
           ENTRY                   ADDRESS         REF BY
           =====                   =======         ======
           expanderWrite           C352 
               calls direct
    -------------------------------------------------------------------------
DATA16_C
  Relative segment, address: C000 - C007 (0x8 bytes), align: 1
  Segment part 2.             Intra module refs:   LCD_SetCursor

    *************************************************************************

  FILE NAME : C:\Users\PC\Desktop\code\Debug\Obj\main.r43
  PROGRAM MODULE, NAME : main

  SEGMENTS IN THE MODULE
  ======================
DATA16_AN
  Relative segment, address: 0056 - 0056 (0x1 bytes), align: 0
  Segment part 1. ROOT        Intra module refs:   main
           ENTRY                   ADDRESS         REF BY
           =====                   =======         ======
           DCOCTL                  0056 
    -------------------------------------------------------------------------
DATA16_AN
  Relative segment, address: 0057 - 0057 (0x1 bytes), align: 0
  Segment part 2. ROOT        Intra module refs:   main
           ENTRY                   ADDRESS         REF BY
           =====                   =======         ======
           BCSCTL1                 0057 
    -------------------------------------------------------------------------
DATA16_AN
  Relative segment, address: 0120 - 0121 (0x2 bytes), align: 0
  Segment part 3. ROOT        Intra module refs:   main
           ENTRY                   ADDRESS         REF BY
           =====                   =======         ======
           WDTCTL                  0120 
    -------------------------------------------------------------------------
DATA16_AN
  Relative segment, address: 10FE - 10FE (0x1 bytes), align: 0
  Segment part 4. ROOT        Intra module refs:   main
           ENTRY                   ADDRESS         REF BY
           =====                   =======         ======
           CALDCO_1MHZ             10FE 
    -------------------------------------------------------------------------
DATA16_AN
  Relative segment, address: 10FF - 10FF (0x1 bytes), align: 0
  Segment part 5. ROOT        Intra module refs:   main
           ENTRY                   ADDRESS         REF BY
           =====                   =======         ======
           CALBC1_1MHZ             10FF 
    -------------------------------------------------------------------------
DATA16_I
  Relative segment, address: 0200 - 0207 (0x8 bytes), align: 0
  Segment part 8.             Intra module refs:   main
           ENTRY                   ADDRESS         REF BY
           =====                   =======         ======
           customChar              0200 
    -------------------------------------------------------------------------
<CODE> 1 (was CODE)
  Relative segment, address: C182 - C1CF (0x4e bytes), align: 1
  Segment part 10.
           ENTRY                   ADDRESS         REF BY
           =====                   =======         ======
           main                    C182            Segment part 19 (?cstart)
               calls direct
    -------------------------------------------------------------------------
DATA16_ID
  Relative segment, address: C01A - C021 (0x8 bytes), align: 0
  Segment part 9.             Intra module refs:   customChar
    -------------------------------------------------------------------------
DATA16_C
  Relative segment, address: C008 - C018 (0x11 bytes), align: 0
  Segment part 7.             Intra module refs:   main

    *************************************************************************

  FILE NAME : C:\Program Files (x86)\IAR Systems\Embedded Workbench 8.0\430\lib\dlib\dl430fn.r43
  LIBRARY MODULE, NAME : ?__dbg_break

  SEGMENTS IN THE MODULE
  ======================
<CODE> 1 (was CODE)
  Relative segment, address: C384 - C385 (0x2 bytes), align: 1
  Segment part 2.
           ENTRY                   ADDRESS         REF BY
           =====                   =======         ======
           __DebugBreak            C384            __exit (?__exit)

    -------------------------------------------------------------------------
  LIBRARY MODULE, NAME : ?__exit

  SEGMENTS IN THE MODULE
  ======================
<CODE> 1 (was CODE)
  Relative segment, address: C2F4 - C305 (0x12 bytes), align: 1
  Segment part 2.
           ENTRY                   ADDRESS         REF BY
           =====                   =======         ======
           __exit                  C2F4            Segment part 6 (?_exit)
                                                   _exit (?_exit)
               calls direct

    -------------------------------------------------------------------------
  LIBRARY MODULE, NAME : ?_exit

  SEGMENTS IN THE MODULE
  ======================
<CODE> 1 (was CODE)
  Relative segment, address: C378, align: 1
  Segment part 0.
           ENTRY                   ADDRESS         REF BY
           =====                   =======         ======
           _exit                   C378            exit (?exit)
    -------------------------------------------------------------------------
<CODE> 1 (was CODE)
  Relative segment, address: C378 - C37B (0x4 bytes), align: 1
  Segment part 6.             Intra module refs:   _exit

    -------------------------------------------------------------------------
  LIBRARY MODULE, NAME : ?cstart

  SEGMENTS IN THE MODULE
  ======================
CSTACK
  Relative segment, address: 03B0, align: 1
  Segment part 1.
    -------------------------------------------------------------------------
DATA16_Z
  Relative segment, address: 0208, align: 1
  Segment part 2.
    -------------------------------------------------------------------------
DATA16_I
  Relative segment, address: 0200, align: 1
  Segment part 3.
    -------------------------------------------------------------------------
DATA16_ID
  Relative segment, address: C01A, align: 1
  Segment part 4.
    -------------------------------------------------------------------------
CSTART
  Relative segment, address: C022 - C025 (0x4 bytes), align: 1
  Segment part 9.
           ENTRY                   ADDRESS         REF BY
           =====                   =======         ======
           __program_start         C022            ?reset_vector (?reset_vector)
                                                   Absolute parts (?ABS_ENTRY_MOD)
           ?cstart_begin           C022 
    -------------------------------------------------------------------------
CSTART
  Relative segment, address: C026 - C031 (0xc bytes), align: 1
  Segment part 14.
           ENTRY                   ADDRESS         REF BY
           =====                   =======         ======
           ?cstart_init_zero       C026            _cols (i2c_lcd)
                                                   _rows (i2c_lcd)
                                                   backlightVal (i2c_lcd)
                                                   displayControl (i2c_lcd)
                                                   displayFunction (i2c_lcd)
                                                   displayMode (i2c_lcd)
    -------------------------------------------------------------------------
CSTART
  Relative segment, address: C032 - C041 (0x10 bytes), align: 1
  Segment part 15.
           ENTRY                   ADDRESS         REF BY
           =====                   =======         ======
           ?cstart_init_copy       C032            customChar (main)
    -------------------------------------------------------------------------
CSTART
  Relative segment, address: C042 - C049 (0x8 bytes), align: 1
  Segment part 19.            Intra module refs:   Segment part 9
           ENTRY                   ADDRESS         REF BY
           =====                   =======         ======
           ?cstart_call_main       C042 
           ?cstart_end             C04A 

    -------------------------------------------------------------------------
  LIBRARY MODULE, NAME : ?reset_vector

  SEGMENTS IN THE MODULE
  ======================
RESET
  Relative segment, address: FFFE - FFFF (0x2 bytes), align: 1
  Segment part 0.
           ENTRY                   ADDRESS         REF BY
           =====                   =======         ======
           ?reset_vector           FFFE            Segment part 9 (?cstart)

    -------------------------------------------------------------------------
  LIBRARY MODULE, NAME : ?Epilogue

  SEGMENTS IN THE MODULE
  ======================
<CODE> 1 (was CODE)
  Relative segment, address: C360 - C361 (0x2 bytes), align: 1
  Segment part 3.
           ENTRY                   ADDRESS         REF BY
           =====                   =======         ======
           ?Epilogue5              C360            LCD_createChar (i2c_lcd)
    -------------------------------------------------------------------------
<CODE> 1 (was CODE)
  Relative segment, address: C362 - C363 (0x2 bytes), align: 1
  Segment part 4.             Intra module refs:   ?Epilogue5
           ENTRY                   ADDRESS         REF BY
           =====                   =======         ======
           ?Epilogue4              C362 
    -------------------------------------------------------------------------
<CODE> 1 (was CODE)
  Relative segment, address: C364 - C36B (0x8 bytes), align: 1
  Segment part 5.             Intra module refs:   ?Epilogue4
           ENTRY                   ADDRESS         REF BY
           =====                   =======         ======
           ?Epilogue3              C364            LCD_Print (i2c_lcd)

    -------------------------------------------------------------------------
  LIBRARY MODULE, NAME : ?exit

  SEGMENTS IN THE MODULE
  ======================
<CODE> 1 (was CODE)
  Relative segment, address: C380 - C383 (0x4 bytes), align: 1
  Segment part 2.
           ENTRY                   ADDRESS         REF BY
           =====                   =======         ======
           exit                    C380            Segment part 19 (?cstart)
               calls direct

    -------------------------------------------------------------------------
  LIBRARY MODULE, NAME : ?memcpy

  SEGMENTS IN THE MODULE
  ======================
<CODE> 1 (was CODE)
  Relative segment, address: C2E2 - C2F3 (0x12 bytes), align: 1
  Segment part 2.
           ENTRY                   ADDRESS         REF BY
           =====                   =======         ======
           memcpy                  C2E2            __data16_memcpy (?memzero)

    -------------------------------------------------------------------------
  LIBRARY MODULE, NAME : ?memzero

  SEGMENTS IN THE MODULE
  ======================
<CODE> 1 (was CODE)
  Relative segment, address: C318 - C327 (0x10 bytes), align: 1
  Segment part 2.
           ENTRY                   ADDRESS         REF BY
           =====                   =======         ======
           __data16_memzero        C318            ?cstart_init_zero (?cstart)
    -------------------------------------------------------------------------
<CODE> 1 (was CODE)
  Relative segment, address: C37C - C37F (0x4 bytes), align: 1
  Segment part 3.
           ENTRY                   ADDRESS         REF BY
           =====                   =======         ======
           __data16_memcpy         C37C            ?cstart_init_copy (?cstart)
               calls direct

    -------------------------------------------------------------------------
  LIBRARY MODULE, NAME : ?strlen

  SEGMENTS IN THE MODULE
  ======================
<CODE> 1 (was CODE)
  Relative segment, address: C306 - C317 (0x12 bytes), align: 1
  Segment part 2.
           ENTRY                   ADDRESS         REF BY
           =====                   =======         ======
           strlen                  C306            LCD_Print (i2c_lcd)




                ****************************************
                *                                      *
                *      SEGMENTS IN ADDRESS ORDER       *
                *                                      *
                ****************************************


SEGMENT              SPACE    START ADDRESS   END ADDRESS     SIZE  TYPE  ALIGN
=======              =====    =============   ===========     ====  ====  =====
DATA16_AN                              0003 - 0003               1   rel    0
                                       0026 - 0026               1 
                                       0041 - 0041               1 
                                       0056 - 0057               2 
                                       0068 - 006B               4 
                                       006D - 006F               3 
                                       011A - 011B               2 
                                       0120 - 0121               2 
DATA16_I                               0200 - 0207               8   rel    1
DATA16_Z                               0208 - 020D               6   rel    1
CSTACK                                 03B0 - 03FF              50   rel    1
DATA16_AN                              10FE - 10FF               2   rel    0
DATA16_C                               C000 - C018              19   rel    1
DATA16_ID                              C01A - C021               8   rel    1
CSTART                                 C022 - C049              28   rel    1
<CODE> 1                               C04A - C385             33C   rel    1
RESET                                  FFFE - FFFF               2   rel    1

                ****************************************
                *                                      *
                *        END OF CROSS REFERENCE        *
                *                                      *
                ****************************************

 870 bytes of CODE  memory
  94 bytes of DATA  memory (+ 18 absolute )
  33 bytes of CONST memory

Errors: none
Warnings: none

