################################################################################
#                                                                              #
#      IAR Universal Linker V6.5.1.95                                          #
#                                                                              #
#           Link time     =  02/Jul/2023  11:39:30                             #
#           Target CPU    =  MSP430                                            #
#           List file     =  C:\Users\PC\Desktop\code\Debug\List\code.map      #
#           Output file 1 =  C:\Users\PC\Desktop\code\Debug\Exe\code.hex       #
#                            Format: intel-extended                            #
#           Command line  =  -f C:\Users\PC\AppData\Local\Temp\EWDDA6.tmp      #
#                            (C:\Users\PC\Desktop\code\Debug\Obj\main.r43      #
#                            C:\Users\PC\Desktop\code\Debug\Obj\sensor.r43     #
#                            -o C:\Users\PC\Desktop\code\Debug\Exe\code.hex    #
#                            -Fintel-extended -l                               #
#                            C:\Users\PC\Desktop\code\Debug\List\code.map      #
#                            -xms                                              #
#                            "-IC:\Program Files (x86)\IAR Systems\Embedded Wo #
#                            rkbench 8.0\430\LIB\"                             #
#                            -f                                                #
#                            "C:\Program Files (x86)\IAR Systems\Embedded Work #
#                            bench 8.0\430\config\linker\lnk430f2122.xcl"      #
#                            (-cmsp430 -QCODE_I=CODE_ID -QTLS16_I=TLS16_ID     #
#                            -Z(CONST)INFO=1000-10FF                           #
#                            -Z(CONST)INFOA=10C0-10FF                          #
#                            -Z(CONST)INFOB=1080-10BF                          #
#                            -Z(CONST)INFOC=1040-107F                          #
#                            -Z(CONST)INFOD=1000-103F                          #
#                            -Z(DATA)DATA16_I,DATA16_Z,DATA16_N,TLS16_I=0200-0 #
#                            3FF                                               #
#                            -Z(DATA)DATA16_HEAP+_DATA16_HEAP_SIZE             #
#                            -Z(DATA)CODE_I -Z(DATA)CSTACK+_STACK_SIZE#        #
#                            -Z(CONST)DATA16_C,DATA16_ID,TLS16_ID,DIFUNCT,CHEC #
#                            KSUM=F000-FFDD                                    #
#                            -Z(CODE)CSTART,ISR_CODE,CODE_ID=F000-FFDD         #
#                            -P(CODE)CODE=F000-FFDD                            #
#                            -Z(CONST)SIGNATURE=FFDE-FFDF                      #
#                            -Z(CODE)INTVEC=FFE0-FFFF                          #
#                            -Z(CODE)RESET=FFFE-FFFF) -D_STACK_SIZE=50         #
#                            "C:\Program Files (x86)\IAR Systems\Embedded Work #
#                            bench 8.0\430\lib\dlib\dl430fn.r43"               #
#                            -e_PrintfLarge=_Printf -e_ScanfLarge=_Scanf       #
#                            -D_DATA16_HEAP_SIZE=50 -s __program_start         #
#                            -D_DATA20_HEAP_SIZE=50)                           #
#                                                                              #
#                           Copyright (C) 1987-2016 IAR Systems AB.            #
################################################################################





                ****************************************
                *                                      *
                *           CROSS REFERENCE            *
                *                                      *
                ****************************************

       Program entry at :           F016  Relocatable, from module : ?cstart




                ****************************************
                *                                      *
                *            RUNTIME MODEL             *
                *                                      *
                ****************************************

  __Heap_Handler             = Basic
  __SystemLibrary            = DLib
  __core                     = 430
  __dlib_file_descriptor     = 0
  __dlib_full_locale_support = 0
  __double_size              = 32
  __pic                      = no
  __reg_r4                   = free
  __reg_r5                   = free
  __rt_version               = 3

                ****************************************
                *                                      *
                *    AUTOMATIC SYMBOL REDIRECTIONS     *
                *                                      *
                ****************************************

                  There are no automatic symbol redirections.



                ****************************************
                *                                      *
                *              MODULE MAP              *
                *                                      *
                ****************************************


  DEFINED ABSOLUTE ENTRIES
    *************************************************************************

  DEFINED ABSOLUTE ENTRIES
  PROGRAM MODULE, NAME : ?ABS_ENTRY_MOD

Absolute parts
           ENTRY                   ADDRESS         REF BY
           =====                   =======         ======
           _DATA20_HEAP_SIZE       0050 
           _DATA16_HEAP_SIZE       0050 
           _STACK_SIZE             0050 
    *************************************************************************

  FILE NAME : C:\Users\PC\Desktop\code\Debug\Obj\main.r43
  PROGRAM MODULE, NAME : main

  SEGMENTS IN THE MODULE
  ======================
DATA16_AN
  Relative segment, address: 0056 - 0056 (0x1 bytes), align: 0
  Segment part 1. ROOT        Intra module refs:   main
           ENTRY                   ADDRESS         REF BY
           =====                   =======         ======
           DCOCTL                  0056 
    -------------------------------------------------------------------------
DATA16_AN
  Relative segment, address: 0057 - 0057 (0x1 bytes), align: 0
  Segment part 2. ROOT        Intra module refs:   main
           ENTRY                   ADDRESS         REF BY
           =====                   =======         ======
           BCSCTL1                 0057 
    -------------------------------------------------------------------------
DATA16_AN
  Relative segment, address: 0021 - 0021 (0x1 bytes), align: 0
  Segment part 3. ROOT        Intra module refs:   outByte
           ENTRY                   ADDRESS         REF BY
           =====                   =======         ======
           P1OUT                   0021 
    -------------------------------------------------------------------------
DATA16_AN
  Relative segment, address: 0022 - 0022 (0x1 bytes), align: 0
  Segment part 4. ROOT        Intra module refs:   main
           ENTRY                   ADDRESS         REF BY
           =====                   =======         ======
           P1DIR                   0022 
    -------------------------------------------------------------------------
DATA16_AN
  Relative segment, address: 0160 - 0161 (0x2 bytes), align: 0
  Segment part 5. ROOT        Intra module refs:   init_timer
           ENTRY                   ADDRESS         REF BY
           =====                   =======         ======
           TA0CTL                  0160 
    -------------------------------------------------------------------------
DATA16_AN
  Relative segment, address: 0162 - 0163 (0x2 bytes), align: 0
  Segment part 6. ROOT        Intra module refs:   init_timer
           ENTRY                   ADDRESS         REF BY
           =====                   =======         ======
           TA0CCTL0                0162 
    -------------------------------------------------------------------------
DATA16_AN
  Relative segment, address: 0172 - 0173 (0x2 bytes), align: 0
  Segment part 7. ROOT        Intra module refs:   init_timer
           ENTRY                   ADDRESS         REF BY
           =====                   =======         ======
           TA0CCR0                 0172 
    -------------------------------------------------------------------------
DATA16_AN
  Relative segment, address: 0120 - 0121 (0x2 bytes), align: 0
  Segment part 8. ROOT        Intra module refs:   main
           ENTRY                   ADDRESS         REF BY
           =====                   =======         ======
           WDTCTL                  0120 
    -------------------------------------------------------------------------
DATA16_AN
  Relative segment, address: 10FE - 10FE (0x1 bytes), align: 0
  Segment part 9. ROOT        Intra module refs:   main
           ENTRY                   ADDRESS         REF BY
           =====                   =======         ======
           CALDCO_1MHZ             10FE 
    -------------------------------------------------------------------------
DATA16_AN
  Relative segment, address: 10FF - 10FF (0x1 bytes), align: 0
  Segment part 10. ROOT       Intra module refs:   main
           ENTRY                   ADDRESS         REF BY
           =====                   =======         ======
           CALBC1_1MHZ             10FF 
    -------------------------------------------------------------------------
DATA16_I
  Relative segment, address: 0200 - 0203 (0x4 bytes), align: 1
  Segment part 13.            Intra module refs:   hien_thi
           ENTRY                   ADDRESS         REF BY
           =====                   =======         ======
           cout                    0200 
    -------------------------------------------------------------------------
DATA16_Z
  Relative segment, address: 0216 - 0217 (0x2 bytes), align: 1
  Segment part 15.            Intra module refs:   Scan_8LED
                                                   hien_thi
           ENTRY                   ADDRESS         REF BY
           =====                   =======         ======
           coutnum                 0216 
    -------------------------------------------------------------------------
DATA16_Z
  Relative segment, address: 0218 - 021F (0x8 bytes), align: 0
  Segment part 16.            Intra module refs:   Scan_8LED
                                                   hien_thi
           ENTRY                   ADDRESS         REF BY
           =====                   =======         ======
           DATA_8LED               0218 
    -------------------------------------------------------------------------
DATA16_I
  Relative segment, address: 0204 - 020B (0x8 bytes), align: 0
  Segment part 17.            Intra module refs:   Scan_8LED
           ENTRY                   ADDRESS         REF BY
           =====                   =======         ======
           SCAN                    0204 
    -------------------------------------------------------------------------
DATA16_I
  Relative segment, address: 020C - 0215 (0xa bytes), align: 0
  Segment part 19.            Intra module refs:   Scan_8LED
           ENTRY                   ADDRESS         REF BY
           =====                   =======         ======
           led7                    020C 
    -------------------------------------------------------------------------
<CODE> 1 (was CODE)
  Relative segment, address: F26C - F2AD (0x42 bytes), align: 1
  Segment part 23.
           ENTRY                   ADDRESS         REF BY
           =====                   =======         ======
           main                    F26C            Segment part 19 (?cstart)
               calls direct
    -------------------------------------------------------------------------
<CODE> 1 (was CODE)
  Relative segment, address: F32E - F36B (0x3e bytes), align: 1
  Segment part 24.            Intra module refs:   Scan_8LED
           ENTRY                   ADDRESS         REF BY
           =====                   =======         ======
           outByte                 F32E 
               calls direct
    -------------------------------------------------------------------------
<CODE> 1 (was CODE)
  Relative segment, address: F03E - F103 (0xc6 bytes), align: 1
  Segment part 21.            Intra module refs:   main
           ENTRY                   ADDRESS         REF BY
           =====                   =======         ======
           hien_thi                F03E 
               calls direct
    -------------------------------------------------------------------------
<CODE> 1 (was CODE)
  Relative segment, address: F36C - F3A7 (0x3c bytes), align: 1
  Segment part 25.            Intra module refs:   Timer_A
           ENTRY                   ADDRESS         REF BY
           =====                   =======         ======
           Scan_8LED               F36C 
               calls direct
    -------------------------------------------------------------------------
<CODE> 1 (was CODE)
  Relative segment, address: F49E - F4B1 (0x14 bytes), align: 1
  Segment part 22.            Intra module refs:   main
           ENTRY                   ADDRESS         REF BY
           =====                   =======         ======
           init_timer              F49E 
    -------------------------------------------------------------------------
<CODE> 1 (was CODE)
  Relative segment, address: F488 - F49D (0x16 bytes), align: 1
  Segment part 26.            Intra module refs:   Timer_A::??INTVEC 18
           ENTRY                   ADDRESS         REF BY
           =====                   =======         ======
           Timer_A                 F488 
               interrupt function
               calls direct
    -------------------------------------------------------------------------
INTVEC
  Common segment, address: FFE0 - FFF3 (0x14 bytes), align: 1
  Segment part 11. ROOT 
           ENTRY                   ADDRESS         REF BY
           =====                   =======         ======
           Timer_A::??INTVEC 18    FFF2 
    -------------------------------------------------------------------------
DATA16_ID
  Relative segment, address: F000 - F003 (0x4 bytes), align: 1
  Segment part 14.            Intra module refs:   cout
    -------------------------------------------------------------------------
DATA16_ID
  Relative segment, address: F004 - F00B (0x8 bytes), align: 0
  Segment part 18.            Intra module refs:   SCAN
    -------------------------------------------------------------------------
DATA16_ID
  Relative segment, address: F00C - F015 (0xa bytes), align: 0
  Segment part 20.            Intra module refs:   led7

    *************************************************************************

  FILE NAME : C:\Users\PC\Desktop\code\Debug\Obj\sensor.r43
  PROGRAM MODULE, NAME : sensor

  SEGMENTS IN THE MODULE
  ======================
DATA16_AN
  Relative segment, address: 004A - 004A (0x1 bytes), align: 0
  Segment part 1. ROOT        Intra module refs:   init_sensor
           ENTRY                   ADDRESS         REF BY
           =====                   =======         ======
           ADC10AE0                004A 
    -------------------------------------------------------------------------
DATA16_AN
  Relative segment, address: 01B0 - 01B1 (0x2 bytes), align: 0
  Segment part 2. ROOT        Intra module refs:   init_sensor
                                                   read_sensor
           ENTRY                   ADDRESS         REF BY
           =====                   =======         ======
           ADC10CTL0               01B0 
    -------------------------------------------------------------------------
DATA16_AN
  Relative segment, address: 01B2 - 01B3 (0x2 bytes), align: 0
  Segment part 3. ROOT        Intra module refs:   init_sensor
           ENTRY                   ADDRESS         REF BY
           =====                   =======         ======
           ADC10CTL1               01B2 
    -------------------------------------------------------------------------
DATA16_AN
  Relative segment, address: 01B4 - 01B5 (0x2 bytes), align: 0
  Segment part 4. ROOT        Intra module refs:   read_sensor
           ENTRY                   ADDRESS         REF BY
           =====                   =======         ======
           ADC10MEM                01B4 
    -------------------------------------------------------------------------
<CODE> 1 (was CODE)
  Relative segment, address: F2AE - F2ED (0x40 bytes), align: 1
  Segment part 6.             Intra module refs:   read_sensor
           ENTRY                   ADDRESS         REF BY
           =====                   =======         ======
           map                     F2AE 
               calls direct
    -------------------------------------------------------------------------
<CODE> 1 (was CODE)
  Relative segment, address: F44A - F46D (0x24 bytes), align: 1
  Segment part 7.
           ENTRY                   ADDRESS         REF BY
           =====                   =======         ======
           init_sensor             F44A            main (main)
    -------------------------------------------------------------------------
<CODE> 1 (was CODE)
  Relative segment, address: F3A8 - F3E1 (0x3a bytes), align: 1
  Segment part 8.
           ENTRY                   ADDRESS         REF BY
           =====                   =======         ======
           read_sensor             F3A8            main (main)
               calls direct

    *************************************************************************

  FILE NAME : C:\Program Files (x86)\IAR Systems\Embedded Workbench 8.0\430\lib\dlib\dl430fn.r43
  LIBRARY MODULE, NAME : ?_exit

  SEGMENTS IN THE MODULE
  ======================
<CODE> 1 (was CODE)
  Relative segment, address: F516, align: 1
  Segment part 0.
           ENTRY                   ADDRESS         REF BY
           =====                   =======         ======
           _exit                   F516            exit (?exit)
    -------------------------------------------------------------------------
<CODE> 1 (was CODE)
  Relative segment, address: F516 - F519 (0x4 bytes), align: 1
  Segment part 6.             Intra module refs:   _exit

    -------------------------------------------------------------------------
  LIBRARY MODULE, NAME : ?cstart

  SEGMENTS IN THE MODULE
  ======================
CSTACK
  Relative segment, address: 03B0, align: 1
  Segment part 1.
    -------------------------------------------------------------------------
DATA16_Z
  Relative segment, address: 0218, align: 1
  Segment part 2.
    -------------------------------------------------------------------------
DATA16_I
  Relative segment, address: 0204, align: 1
  Segment part 3.
    -------------------------------------------------------------------------
DATA16_ID
  Relative segment, address: F004, align: 1
  Segment part 4.
    -------------------------------------------------------------------------
CSTART
  Relative segment, address: F016 - F019 (0x4 bytes), align: 1
  Segment part 9.
           ENTRY                   ADDRESS         REF BY
           =====                   =======         ======
           __program_start         F016            ?reset_vector (?reset_vector)
                                                   Absolute parts (?ABS_ENTRY_MOD)
           ?cstart_begin           F016 
    -------------------------------------------------------------------------
CSTART
  Relative segment, address: F01A - F025 (0xc bytes), align: 1
  Segment part 14.
           ENTRY                   ADDRESS         REF BY
           =====                   =======         ======
           ?cstart_init_zero       F01A            DATA_8LED (main)
                                                   coutnum (main)
    -------------------------------------------------------------------------
CSTART
  Relative segment, address: F026 - F035 (0x10 bytes), align: 1
  Segment part 15.
           ENTRY                   ADDRESS         REF BY
           =====                   =======         ======
           ?cstart_init_copy       F026            SCAN (main)
                                                   cout (main)
                                                   led7 (main)
    -------------------------------------------------------------------------
CSTART
  Relative segment, address: F036 - F03D (0x8 bytes), align: 1
  Segment part 19.            Intra module refs:   Segment part 9
           ENTRY                   ADDRESS         REF BY
           =====                   =======         ======
           ?cstart_call_main       F036 
           ?cstart_end             F03E 

    -------------------------------------------------------------------------
  LIBRARY MODULE, NAME : ?reset_vector

  SEGMENTS IN THE MODULE
  ======================
RESET
  Relative segment, address: FFFE - FFFF (0x2 bytes), align: 1
  Segment part 0.
           ENTRY                   ADDRESS         REF BY
           =====                   =======         ======
           ?reset_vector           FFFE            Segment part 9 (?cstart)

    -------------------------------------------------------------------------
  LIBRARY MODULE, NAME : ?div64i

  SEGMENTS IN THE MODULE
  ======================
<CODE> 1 (was CODE)
  Relative segment, address: F104 - F1B3 (0xb0 bytes), align: 1
  Segment part 2.             Intra module refs:   _Div64s
           ENTRY                   ADDRESS         REF BY
           =====                   =======         ======
           _Div64u                 F104 
    -------------------------------------------------------------------------
<CODE> 1 (was CODE)
  Relative segment, address: F1B4 - F225 (0x72 bytes), align: 1
  Segment part 3.             Intra module refs:   _Mod64s
           ENTRY                   ADDRESS         REF BY
           =====                   =======         ======
           _Mod64u                 F1B4 
    -------------------------------------------------------------------------
<CODE> 1 (was CODE)
  Relative segment, address: F226 - F243 (0x1e bytes), align: 1
  Segment part 5.
           ENTRY                   ADDRESS         REF BY
           =====                   =======         ======
           _Div64s                 F226            hien_thi (main)
               calls direct
    -------------------------------------------------------------------------
<CODE> 1 (was CODE)
  Relative segment, address: F244 - F24D (0xa bytes), align: 1
  Segment part 6.             Intra module refs:   _Div64s
                                                   _Mod64s
    -------------------------------------------------------------------------
<CODE> 1 (was CODE)
  Relative segment, address: F24E - F26B (0x1e bytes), align: 1
  Segment part 7.
           ENTRY                   ADDRESS         REF BY
           =====                   =======         ======
           _Mod64s                 F24E            hien_thi (main)
               calls direct
    -------------------------------------------------------------------------
<CODE> 1 (was CODE)
  Relative segment, address: F4B2 - F4C3 (0x12 bytes), align: 1
  Segment part 8.             Intra module refs:   _Div64s
                                                   _Mod64s
    -------------------------------------------------------------------------
<CODE> 1 (was CODE)
  Relative segment, address: F4E8 - F4F9 (0x12 bytes), align: 1
  Segment part 9.             Intra module refs:   Segment part 6
                                                   _Div64s
                                                   _Mod64s
    -------------------------------------------------------------------------
<CODE> 1 (was CODE)
  Relative segment, address: F46E - F487 (0x1a bytes), align: 1
  Segment part 4.             Intra module refs:   _Div64u
                                                   _Mod64u

    -------------------------------------------------------------------------
  LIBRARY MODULE, NAME : ?Epilogue

  SEGMENTS IN THE MODULE
  ======================
<CODE> 1 (was CODE)
  Relative segment, address: F4D6 - F4D7 (0x2 bytes), align: 1
  Segment part 0.
           ENTRY                   ADDRESS         REF BY
           =====                   =======         ======
           ?Epilogue8              F4D6            hien_thi (main)
    -------------------------------------------------------------------------
<CODE> 1 (was CODE)
  Relative segment, address: F4D8 - F4D9 (0x2 bytes), align: 1
  Segment part 1.             Intra module refs:   ?Epilogue8
           ENTRY                   ADDRESS         REF BY
           =====                   =======         ======
           ?Epilogue7              F4D8 
    -------------------------------------------------------------------------
<CODE> 1 (was CODE)
  Relative segment, address: F4DA - F4DB (0x2 bytes), align: 1
  Segment part 2.             Intra module refs:   ?Epilogue7
           ENTRY                   ADDRESS         REF BY
           =====                   =======         ======
           ?Epilogue6              F4DA 
    -------------------------------------------------------------------------
<CODE> 1 (was CODE)
  Relative segment, address: F4DC - F4DD (0x2 bytes), align: 1
  Segment part 3.             Intra module refs:   ?Epilogue6
           ENTRY                   ADDRESS         REF BY
           =====                   =======         ======
           ?Epilogue5              F4DC 
    -------------------------------------------------------------------------
<CODE> 1 (was CODE)
  Relative segment, address: F4DE - F4DF (0x2 bytes), align: 1
  Segment part 4.             Intra module refs:   ?Epilogue5
           ENTRY                   ADDRESS         REF BY
           =====                   =======         ======
           ?Epilogue4              F4DE            map (sensor)
    -------------------------------------------------------------------------
<CODE> 1 (was CODE)
  Relative segment, address: F4E0 - F4E7 (0x8 bytes), align: 1
  Segment part 5.             Intra module refs:   ?Epilogue4
           ENTRY                   ADDRESS         REF BY
           =====                   =======         ======
           ?Epilogue3              F4E0 

    -------------------------------------------------------------------------
  LIBRARY MODULE, NAME : ?exit

  SEGMENTS IN THE MODULE
  ======================
<CODE> 1 (was CODE)
  Relative segment, address: F51E - F521 (0x4 bytes), align: 1
  Segment part 2.
           ENTRY                   ADDRESS         REF BY
           =====                   =======         ======
           exit                    F51E            Segment part 19 (?cstart)
               calls direct

    -------------------------------------------------------------------------
  LIBRARY MODULE, NAME : ?Mul32

  SEGMENTS IN THE MODULE
  ======================
<CODE> 1 (was CODE)
  Relative segment, address: F41A - F449 (0x30 bytes), align: 1
  Segment part 0.
           ENTRY                   ADDRESS         REF BY
           =====                   =======         ======
           ?Mul32                  F41A            map (sensor)

    -------------------------------------------------------------------------
  LIBRARY MODULE, NAME : ?DivMod32u

  SEGMENTS IN THE MODULE
  ======================
<CODE> 1 (was CODE)
  Relative segment, address: F3E2 - F419 (0x38 bytes), align: 1
  Segment part 0.
           ENTRY                   ADDRESS         REF BY
           =====                   =======         ======
           ?DivMod32u              F3E2            ?DivMod32s (?DivMod32s)

    -------------------------------------------------------------------------
  LIBRARY MODULE, NAME : ?DivMod32s

  SEGMENTS IN THE MODULE
  ======================
<CODE> 1 (was CODE)
  Relative segment, address: F2EE - F32D (0x40 bytes), align: 1
  Segment part 0.
           ENTRY                   ADDRESS         REF BY
           =====                   =======         ======
           ?DivMod32s              F2EE            map (sensor)

    -------------------------------------------------------------------------
  LIBRARY MODULE, NAME : ?ShiftLeft16

  SEGMENTS IN THE MODULE
  ======================
<CODE> 1 (was CODE)
  Relative segment, address: F50A - F515 (0xc bytes), align: 1
  Segment part 0.
           ENTRY                   ADDRESS         REF BY
           =====                   =======         ======
           ?ShiftLeft16            F50A            outByte (main)

    -------------------------------------------------------------------------
  LIBRARY MODULE, NAME : ?memcpy

  SEGMENTS IN THE MODULE
  ======================
<CODE> 1 (was CODE)
  Relative segment, address: F4C4 - F4D5 (0x12 bytes), align: 1
  Segment part 2.
           ENTRY                   ADDRESS         REF BY
           =====                   =======         ======
           memcpy                  F4C4            __data16_memcpy (?memzero)

    -------------------------------------------------------------------------
  LIBRARY MODULE, NAME : ?memzero

  SEGMENTS IN THE MODULE
  ======================
<CODE> 1 (was CODE)
  Relative segment, address: F4FA - F509 (0x10 bytes), align: 1
  Segment part 2.
           ENTRY                   ADDRESS         REF BY
           =====                   =======         ======
           __data16_memzero        F4FA            ?cstart_init_zero (?cstart)
    -------------------------------------------------------------------------
<CODE> 1 (was CODE)
  Relative segment, address: F51A - F51D (0x4 bytes), align: 1
  Segment part 3.
           ENTRY                   ADDRESS         REF BY
           =====                   =======         ======
           __data16_memcpy         F51A            ?cstart_init_copy (?cstart)
               calls direct

    -------------------------------------------------------------------------
  LIBRARY MODULE, NAME : ?__exit

  SEGMENTS IN THE MODULE
  ======================
<CODE> 1 (was CODE)
  Relative segment, address: F522 - F523 (0x2 bytes), align: 1
  Segment part 2.
           ENTRY                   ADDRESS         REF BY
           =====                   =======         ======
           __exit                  F522            Segment part 6 (?_exit)
                                                   _exit (?_exit)




                ****************************************
                *                                      *
                *      SEGMENTS IN ADDRESS ORDER       *
                *                                      *
                ****************************************


SEGMENT              SPACE    START ADDRESS   END ADDRESS     SIZE  TYPE  ALIGN
=======              =====    =============   ===========     ====  ====  =====
DATA16_AN                              0021 - 0022               2   rel    0
                                       004A - 004A               1 
                                       0056 - 0057               2 
                                       0120 - 0121               2 
                                       0160 - 0163               4 
                                       0172 - 0173               2 
                                       01B0 - 01B5               6 
DATA16_I                               0200 - 0215              16   rel    1
DATA16_Z                               0216 - 021F               A   rel    1
CSTACK                                 03B0 - 03FF              50   rel    1
DATA16_AN                              10FE - 10FF               2   rel    0
DATA16_C                                  F000                       dse    0
DATA16_ID                              F000 - F015              16   rel    1
CSTART                                 F016 - F03D              28   rel    1
<CODE> 1                               F03E - F523             4E6   rel    1
INTVEC                                 FFE0 - FFF3              14   com    1
RESET                                  FFFE - FFFF               2   rel    1

                ****************************************
                *                                      *
                *        END OF CROSS REFERENCE        *
                *                                      *
                ****************************************

 1 316 bytes of CODE  memory
   112 bytes of DATA  memory (+ 21 absolute )
    22 bytes of CONST memory

Errors: none
Warnings: none

